WORLD: blocks=10 sections=24 tris=4115
WORLD: bbox=(-2796,-1052,-3840)-(2796,1052,3840)
WORLD: ground(120,-140)=-674
WORLD: ground(80,-100)=-674
WORLD: ground(160,-60)=-674
WORLD: ground(200,-120)=-674
WORLD: ground(190,-40)=-674
WORLD: ground(120,-100)=-674
WORLD: ground(100,-120)=-674
WORLD: ground(140,-80)=-674
WORLD: dbg blocks=2 sections=8 tris=1928
WORLD: tex '' x1
WORLD: tex 'TexFX\Sky\Sky2_BK.dtx' x1
WORLD: tex 'TexFX\Sky\Sky2_FR.dtx' x1
WORLD: tex 'TexFX\Sky\Sky2_LF.dtx' x1
WORLD: tex 'TexFX\Sky\Sky2_RT.dtx' x1
WORLD: tex 'TexFX\Sky\Sky2_UP.dtx' x1
WORLD: tex 'Tex\ice\Ice01.dtx' x3
WORLD: tex 'Tex\stone\st17\st0873.dtx' x3
WORLD: tex 'tex\siberia\tfsib001.dtx' x6
WORLD: tex 'tex\siberia\tfsib018.dtx' x3
WORLD: tex 'tex\siberia\tfsib021.dtx' x3
HOST: vulkan device=Radeon RX 580 Series vendor=0x1002 device=0x67df
WORLD: cam=(0,3456,-8064) tgt=(0,0,0)
WORLD: drawn tris=4103 secDrawn=23 secSkip=1 secCull=0 texOk=23 texMiss=0 sprites=0
WORLD: nonClear=46089
WORLD_RESULT ok=1 tris=4103
