HOST: vulkan device=Radeon RX 580 Series vendor=0x1002 device=0x67df
HOST: rezdir=demo-sealhunter/sealhunter/rez
[srv] CLTServerShell::OnServerInitialized()SERVER: initialized objects=3
[host] SetRenderMode 800x600
[host] You must type server, normal or join <ip.ip.ip.ip>
[host] real texture demo-sealhunter/sealhunter/rez/tex/seal/splash.tga (512x512)
[host] real texture demo-sealhunter/sealhunter/rez/tex/seal/sealgui.tga (64x64)
[host] real font atlas demo-sealhunter/sealhunter/rez/fonts/SQR721B.TTF (320x320)
[host] Created font <fonts/SQR721B.TTF> using a 320X320 texture.
[host] Font String Created!
[host] real texture demo-sealhunter/sealhunter/rez/tex/ui/backdrop.tga (512x256)
[host] real font atlas demo-sealhunter/sealhunter/rez/fonts/SQR721B.TTF (320x320)
[host] Created font <fonts/SQR721B.TTF> using a 320X320 texture.
[host] real texture demo-sealhunter/sealhunter/rez/tex/ui/chatdrop.tga (512x64)
[host] real font atlas demo-sealhunter/sealhunter/rez/fonts/SQR721B.TTF (320x320)
[host] Created font <fonts/SQR721B.TTF> using a 320X320 texture.
HOST: OnEngineInitialized -> 0 shutdown=0
[host] StartGame accepted (headless world)
HOST: StartNormalGame -> 0 shutdown=0
[host] CLTClientShell::OnEnterWorld()
[srv] CLTServerShell::OnClientEnterWorld(HCLIENT: 0000000000000001)[srv] Can't find StartPoint. Using (0.000000, 0.000000, 0.000000) instead.[srv] Got the RightHand socket[srv] Got the socket[srv] Got the transform[srv] Error creating attachment!![srv] (PlayerSrvr) Error: too many OBBs on weapon! Expecting only one.[srv] SERVER Player Pos: 0.000000 0.000000 0.000000[srv] ClientHandle: 000001E52EEADAE0[srv] ClientID 0[srv] client entered world player=000001E53D733DE0
[srv] player start moved to field
[host] Computer Name: DESKTOP-GOF3C5B
[srv] DESKTOP-GOF3C5B has entered the game[srv] (Seal) Could not find ground![srv] (Seal) Could not find ground![srv] (Seal) Could not find ground![srv] seal texture id=8 (demo-sealhunter/sealhunter/rez/tex/seal/seal.tga)
[world] live: blocks=10 tris=4115 (demo-sealhunter/sealhunter/rez/Worlds/World.dat)
[model] live seal tris=1008
[model] live SnowMan tris=785
[model] live HARMGuard tris=1932
[model] live Mallet tris=109
[model] Seal0 at (-670,-512,400) ground=-527
[model] Seal1 at (-600,-528,420) ground=-507
[model] Seal2 at (-750,-528,430) ground=-545
[model]  at (-700,-528,400) ground=-535
[model]  at (0,0,0) ground=-674
[model] player at (-700,-528,400) ground=-535
[model] snowman ground=-674
[host] score=0 money=0.00
[srv] (Seal) Could not find ground![srv] (Seal) Could not find ground![srv] (Seal) Could not find ground![srv] (Seal) Could not find ground![srv] (Seal) Could not find ground![srv] (Seal) Could not find ground![srv] (Seal) Could not find ground![srv] (Seal) Could not find ground![srv] (Seal) Could not find ground![srv] (Seal) Could not find ground![srv] (Seal) Could not find ground![srv] (Seal) Could not find ground![srv] (Seal) Could not find ground![srv] (Seal) Could not find ground![srv] (Seal) Could not find ground![srv] (Seal) Could not find ground![srv] (Seal) Could not find ground![srv] (Seal) Could not find ground![srv] (Seal) Could not find ground![srv] (Seal) Could not find ground![srv] (Seal) Could not find ground![srv] (Seal) Could not find ground![srv] (Seal) Could not find ground![srv] (Seal) Could not find ground![srv] (Seal) Could not find ground![srv] (Seal) Could not find ground![srv] (Seal) Could not find ground![srv] (Seal) Could not find ground![srv] (Seal) Could not find ground![srv] (Seal) Could not find ground![srv] (Seal) Could not find ground![srv] (Seal) Could not find ground![srv] (Seal) Could not find ground![srv] (Seal) Could not find ground![srv] (Seal) Could not find ground![srv] (Seal) Could not find ground![srv] (Seal) Could not find ground![srv] (Seal) Could not find ground![srv] (Seal) Could not find ground![srv] (Seal) Could not find ground![srv] (Seal) Could not find ground![srv] (Seal) Could not find ground![srv] (Seal) Could not find ground![srv] (Seal) Could not find ground![srv] (Seal) Could not find ground![srv] (Seal) Could not find ground![srv] (Seal) Could not find ground![srv] (Seal) Could not find ground![srv] (Seal) Could not find ground![srv] (Seal) Could not find ground![srv] (Seal) Could not find ground![srv] (Seal) Could not find ground![srv] (Seal) Could not find ground![srv] (Seal) Could not find ground![srv] (Seal) Could not find ground![srv] (Seal) Could not find ground![srv] (Seal) Could not find ground![srv] (Seal) Could not find ground![srv] (Seal) Could not find ground![srv] (Seal) Could not find ground![srv] (Seal) Could not find ground![srv] (Seal) Could not find ground![srv] (Seal) Could not find ground![srv] (Seal) Could not find ground![srv] (Seal) Could not find ground![srv] (Seal) Could not find ground![srv] (Seal) Could not find ground![srv] (Seal) Could not find ground![srv] (Seal) Could not find ground![srv] (Seal) Could not find ground![srv] (Seal) Could not find ground![srv] (Seal) Could not find ground![srv] (Seal) Could not find ground![srv] (Seal) Could not find ground![srv] (Seal) Could not find ground![srv] (Seal) Could not find ground![srv] (Seal) Could not find ground![srv] (Seal) Could not find ground![srv] (Seal) Could not find ground![srv] (Seal) Could not find ground![srv] (Seal) Could not find ground![srv] (Seal) Could not find ground![srv] (Seal) Could not find ground![srv] (Seal) Could not find ground![srv] (Seal) Could not find ground![srv] (Seal) Could not find ground![srv] (Seal) Could not find ground![srv] (Seal) Could not find ground![srv] (Seal) Could not find ground![srv] (Seal) Could not find ground![srv] (Seal) Could not find ground![srv] (Seal) Could not find ground![srv] (Seal) Could not find ground![srv] (Seal) Could not find ground![srv] (Seal) Could not find ground![srv] (Seal) Could not find ground![srv] (Seal) Could not find ground![srv] (Seal) Could not find ground![srv] (Seal) Could not find ground![srv] (Seal) Could not find ground![srv] (Seal) Could not find ground![srv] (Seal) Could not find ground![srv] (Seal) Could not find ground![srv] (Seal) Could not find ground![srv] (Seal) Could not find ground![srv] (Seal) Could not find ground![srv] (Seal) Could not find ground![srv] (Seal) Could not find ground![srv] (Seal) Could not find ground![srv] (Seal) Could not find ground![srv] (Seal) Could not find ground![srv] (Seal) Could not find ground![srv] (Seal) Could not find ground![srv] (Seal) Could not find ground![srv] (Seal) Could not find ground![srv] (Seal) Could not find ground![srv] (Seal) Could not find ground![srv] (Seal) Could not find ground![srv] (Seal) Could not find ground![srv] (Seal) Could not find ground![srv] (Seal) Could not find ground![srv] (Seal) Could not find ground![srv] (Seal) Could not find ground![srv] (Seal) Could not find ground![srv] (Seal) Could not find ground![srv] (Seal) Could not find ground![srv] (Seal) Could not find ground![srv] (Seal) Could not find ground![srv] (Seal) Could not find ground![srv] (Seal) Could not find ground![srv] (Seal) Could not find ground![srv] (Seal) Could not find ground![srv] (Seal) Could not find ground![srv] (Seal) Could not find ground![srv] (Seal) Could not find ground![srv] (Seal) Could not find ground![srv] (Seal) Could not find ground![srv] (Seal) Could not find ground![srv] (Seal) Could not find ground![srv] (Seal) Could not find ground![srv] (Seal) Could not find ground![srv] (Seal) Could not find ground![srv] (Seal) Could not find ground![srv] (Seal) Could not find ground![srv] (Seal) Could not find ground![srv] (Seal) Could not find ground![srv] (Seal) Could not find ground![srv] (Seal) Could not find ground![srv] (Seal) Could not find ground![srv] (Seal) Could not find ground![srv] (Seal) Could not find ground![srv] (Seal) Could not find ground![srv] (Seal) Could not find ground![srv] (Seal) Could not find ground![srv] (Seal) Could not find ground![srv] (Seal) Could not find ground![srv] (Seal) Could not find ground![srv] (Seal) Could not find ground![srv] (Seal) Could not find ground![srv] (Seal) Could not find ground![srv] (Seal) Could not find ground![srv] (Seal) Could not find ground![srv] (Seal) Could not find ground![srv] (Seal) Could not find ground![srv] (Seal) Could not find ground![srv] (Seal) Could not find ground![srv] (Seal) Could not find ground![srv] (Seal) Could not find ground![srv] (Seal) Could not find ground![srv] (Seal) Could not find ground![srv] (Seal) Could not find ground![srv] (Seal) Could not find ground![srv] (Seal) Could not find ground![srv] (Seal) Could not find ground![srv] (Seal) Could not find ground![srv] (Seal) Could not find ground![srv] (Seal) Could not find ground![srv] CLTServerShell::OnClientExitWorld(0000000000000001)[srv] client exited world
HOST: vulkan tris=1686 uirenders=360 snapshot=C:\Users\Shifty\DEV\lithtech\temp-captures\r4-gameplay.ppm
HOST: frames=120 draws=1560 uirenders=360 objects=2 cprint=16
HOST_RESULT ok=1 stage=run frames=120 draws=1560 vktris=1686
SERVER: objects=3 updateticks=188 time=2.00
