HOST: vulkan device=Radeon RX 580 Series vendor=0x1002 device=0x67df
HOST: rezdir=demo-sealhunter/sealhunter/rez
[srv] CLTServerShell::OnServerInitialized()SERVER: initialized objects=3
[host] SetRenderMode 800x600
[host] You must type server, normal or join <ip.ip.ip.ip>
[host] real texture demo-sealhunter/sealhunter/rez/tex/seal/splash.tga (512x512)
[host] real texture demo-sealhunter/sealhunter/rez/tex/seal/sealgui.tga (64x64)
[host] real font atlas demo-sealhunter/sealhunter/rez/fonts/SQR721B.TTF (320x320)
[host] Created font <fonts/SQR721B.TTF> using a 320X320 texture.
[host] Font String Created!
[host] real texture demo-sealhunter/sealhunter/rez/tex/ui/backdrop.tga (512x256)
[host] real font atlas demo-sealhunter/sealhunter/rez/fonts/SQR721B.TTF (320x320)
[host] Created font <fonts/SQR721B.TTF> using a 320X320 texture.
[host] real texture demo-sealhunter/sealhunter/rez/tex/ui/chatdrop.tga (512x64)
[host] real font atlas demo-sealhunter/sealhunter/rez/fonts/SQR721B.TTF (320x320)
[host] Created font <fonts/SQR721B.TTF> using a 320X320 texture.
HOST: OnEngineInitialized -> 0 shutdown=0
[host] StartGame accepted (headless world)
HOST: StartNormalGame -> 0 shutdown=0
[host] CLTClientShell::OnEnterWorld()
[srv] CLTServerShell::OnClientEnterWorld(HCLIENT: 0000000000000001)[srv] Can't find StartPoint. Using (0.000000, 0.000000, 0.000000) instead.[srv] Got the RightHand socket[srv] Got the socket[srv] Got the transform[srv] Error creating attachment!![srv] (PlayerSrvr) Error: too many OBBs on weapon! Expecting only one.[srv] SERVER Player Pos: 0.000000 0.000000 0.000000[srv] ClientHandle: 0000020199D049A0[srv] ClientID 0[srv] client entered world player=00000201A85B9960
[srv] player start moved to field
[host] walk f=0 pos=(0,0,0)
[host] Computer Name: DESKTOP-GOF3C5B
[srv] DESKTOP-GOF3C5B has entered the game[srv] seal texture id=8 (demo-sealhunter/sealhunter/rez/tex/seal/seal.tga)
[world] live: blocks=10 tris=4115 (demo-sealhunter/sealhunter/rez/Worlds/World.dat)
[model] live seal tris=1008
[model] live seal mesh0 piece='Seal' skel=1 eff=0 slots=0
[model] live seal node0 par=-1 'world'
[model] live seal node1 par=0 'joint5'
[model] live seal node2 par=1 'joint6'
[model] live seal node3 par=2 'joint7'
[model] live seal node4 par=3 'joint8'
[model] live seal node5 par=4 'joint9'
[model] live seal node6 par=1 'joint10'
[model] live seal node7 par=6 'joint11'
[model] live seal node8 par=7 'joint12'
[model] live seal node9 par=1 'joint13'
[model] live seal node10 par=9 'joint14'
[model] live seal node11 par=10 'joint15'
[model] live seal node12 par=1 'joint4'
[model] live seal node13 par=12 'joint3'
[model] live seal node14 par=13 'joint2'
[model] live seal node15 par=14 'joint1'
[model] live SnowMan tris=785
[model] live SnowMan mesh0 piece='polySurface1' skel=1 eff=0 slots=0
[model] live SnowMan node0 par=-1 'world'
[model] live SnowMan node1 par=0 'joint1'
[model] live SnowMan node2 par=1 'joint2'
[model] live SnowMan node3 par=2 'joint3'
[model] live SnowMan node4 par=3 'joint4'
[model] live SnowMan node5 par=4 'joint5'
[model] live SnowMan node6 par=5 'joint6'
[model] live SnowMan node7 par=4 'joint10'
[model] live SnowMan node8 par=7 'joint11'
[model] live SnowMan node9 par=8 'joint12'
[model] live SnowMan node10 par=4 'joint7'
[model] live SnowMan node11 par=10 'joint8'
[model] live SnowMan node12 par=11 'joint9'
[model] live HARMGuard tris=1932
[model] live HARMGuard mesh0 piece='body1' skel=1 eff=0 slots=0
[model] live HARMGuard mesh1 piece='eye' skel=1 eff=0 slots=1
[model] live HARMGuard node0 par=-1 'null2'
[model] live HARMGuard node1 par=0 'translation'
[model] live HARMGuard node2 par=1 'Torso'
[model] live HARMGuard node3 par=2 'Upper_torso'
[model] live HARMGuard node4 par=3 'Neck'
[model] live HARMGuard node5 par=4 'Head'
[model] live HARMGuard node6 par=5 'Face_Jaw'
[model] live HARMGuard node7 par=6 'Face_LowerLip'
[model] live HARMGuard node8 par=5 'Face_LCorner'
[model] live HARMGuard node9 par=5 'Face_RCorner'
[model] live HARMGuard node10 par=5 'Face_UpperLip'
[model] live HARMGuard node11 par=5 'Face_LBrow'
[model] live HARMGuard node12 par=5 'Face_RBrow'
[model] live HARMGuard node13 par=5 'Face_LCheek'
[model] live HARMGuard node14 par=5 'Face_RCheek'
[model] live HARMGuard node15 par=5 'Face_Eyelid'
[model] live HARMGuard node16 par=5 'Face_REye'
[model] live HARMGuard node17 par=5 'Face_LEye'
[model] live HARMGuard node18 par=3 'Left_shoulder'
[model] live HARMGuard node19 par=18 'Left_armu'
[model] live HARMGuard node20 par=19 'Left_arml'
[model] live HARMGuard node21 par=20 'Left_hand'
[model] live HARMGuard node22 par=3 'Right_shoulder'
[model] live HARMGuard node23 par=22 'Right_armu'
[model] live HARMGuard node24 par=23 'Right_arml'
[model] live HARMGuard node25 par=24 'Right_hand'
[model] live HARMGuard node26 par=1 'Left_pelvis'
[model] live HARMGuard node27 par=26 'Left_legu'
[model] live HARMGuard node28 par=27 'Left_legl'
[model] live HARMGuard node29 par=28 'Left_foot'
[model] live HARMGuard node30 par=1 'Right_pelvis'
[model] live HARMGuard node31 par=30 'Right_legu'
[model] live HARMGuard node32 par=31 'Right_legl'
[model] live HARMGuard node33 par=32 'Right_foot'
[model] live HARMGuard node34 par=0 'movement'
[model] live Mallet tris=109
[model] live Mallet mesh0 piece='Mallet' skel=0 eff=1 slots=0
[model] live Mallet node0 par=-1 'world'
[model] live Mallet node1 par=0 'joint1'
[model] Seal0 at (-670,-512,400) ground=-527
[model] Seal1 at (-600,-528,420) ground=-507
[model] Seal2 at (-750,-528,430) ground=-545
[model]  at (-699,-528,400) ground=-535
[model]  at (0,0,0) ground=-674
[model] player at (-699,-528,400) ground=-535
[model] snowman ground=-674
[host] score=0 money=0.00
[srv] CLTServerShell::OnClientExitWorld(0000000000000001)[srv] client exited world
HOST: vulkan tris=1686 uirenders=360 snapshot=temp-captures/r4-walk.ppm
HOST: frames=120 draws=1560 uirenders=360 objects=2 cprint=16
HOST_RESULT ok=1 stage=run frames=120 draws=1560 vktris=1686
SERVER: objects=3 updateticks=188 time=2.00
