 ClientFx

 Timestamp is 441753a6 (Tue Mar 14 15:37:10 2006)

 Preferred load address is 64000000

 Start         Length     Name                   Class
 0001:00000000 00025434H .text                   CODE
 0001:00025440 000005e7H .text$x                 CODE
 0001:00025a30 000002d3H .text$yc                CODE
 0001:00025d10 0000013aH .text$yd                CODE
 0002:00000000 0000010cH .idata$5                DATA
 0002:00000110 00005fc0H .rdata                  DATA
 0002:000060d0 00000048H .rdata$debug            DATA
 0002:00006118 000001b0H .rdata$r                DATA
 0002:000062d0 000000d0H .rdata$sxdata           DATA
 0002:000063a0 00000004H .rtc$IAA                DATA
 0002:000063a4 00000004H .rtc$IZZ                DATA
 0002:000063a8 00000004H .rtc$TAA                DATA
 0002:000063ac 00000004H .rtc$TZZ                DATA
 0002:000063b0 00000ce0H .xdata$x                DATA
 0002:00007090 00000014H .idata$2                DATA
 0002:000070a4 00000014H .idata$3                DATA
 0002:000070b8 0000010cH .idata$4                DATA
 0002:000071c4 000004b0H .idata$6                DATA
 0002:00007680 0000010aH .edata                  DATA
 0003:00000000 00000004H .CRT$XCA                DATA
 0003:00000004 00000004H .CRT$XCAA               DATA
 0003:00000008 00000078H .CRT$XCU                DATA
 0003:00000080 00000004H .CRT$XCZ                DATA
 0003:00000084 00000004H .CRT$XIA                DATA
 0003:00000088 00000010H .CRT$XIC                DATA
 0003:00000098 00000004H .CRT$XIY                DATA
 0003:0000009c 00000004H .CRT$XIZ                DATA
 0003:000000a0 00000004H .CRT$XPA                DATA
 0003:000000a4 00000004H .CRT$XPX                DATA
 0003:000000a8 00000004H .CRT$XPZ                DATA
 0003:000000ac 00000004H .CRT$XTA                DATA
 0003:000000b0 00000004H .CRT$XTB                DATA
 0003:000000b4 00000004H .CRT$XTZ                DATA
 0003:000000c0 000013c0H .data                   DATA
 0003:00001480 000085e0H .bss                    DATA

  Address         Publics by Value              Rva+Base     Lib:Object

 0000:00000000       __except_list              00000000     <absolute>
 0000:00000034       ___safe_se_handler_count   00000034     <absolute>
 0001:00000000       ?GetComboVal@FX_PROP@@QAEHXZ 64001000 f i BaseFx.obj
 0001:00000020       ?SetLifetime@CBaseFXProps@@UAEXMI@Z 64001020 f   BaseFx.obj
 0001:00000050       ?Render@CBaseFX@@UAE_NXZ   64001050 f   BaseFx.obj
 0001:00000080       ?SuspendedUpdate@CBaseFX@@UAE_NM@Z 64001080 f   BaseFx.obj
 0001:00000090       ?CalcColour@CBaseFX@@QAEXMMPAM000PAI@Z 64001090 f   BaseFx.obj
 0001:000001e0       ?CalcScale@CBaseFX@@QAEXMMPAMPAI@Z 640011e0 f   BaseFx.obj
 0001:000002a0       ?Pause@CBaseFX@@UAEX_N@Z   640012a0 f   BaseFx.obj
 0001:000002e0       ??Y?$TVector3@M@@QAEABU0@ABU0@@Z 640012e0 f i BaseFx.obj
 0001:00000310       ??9LTRotation@@QBE_NABU0@@Z 64001310 f i BaseFx.obj
 0001:00000360       ?GetVector@FX_PROP@@QBE?AU?$TVector3@M@@XZ 64001360 f i BaseFx.obj
 0001:00000390       ?GetStringVal@FX_PROP@@QAEXQAD@Z 64001390 f i BaseFx.obj
 0001:000003b0       ??0CBaseFXProps@@QAE@XZ    640013b0 f   BaseFx.obj
 0001:000003d0       ??1CBaseFXProps@@UAE@XZ    640013d0 f   BaseFx.obj
 0001:000003f0       ?ParseProperties@CBaseFXProps@@UAE_NPAUFX_PROP@@I@Z 640013f0 f   BaseFx.obj
 0001:000006a0       ??0CBaseFX@@QAE@W4FXType@0@@Z 640016a0 f   BaseFx.obj
 0001:000006f0       ?IsVisibleWhileSuspended@CBaseFX@@UAE_NXZ 640016f0 f i BaseFx.obj
 0001:00000700       ?IsFinishedShuttingDown@CBaseFX@@UAE_NXZ 64001700 f i BaseFx.obj
 0001:00000710       ?OnRendererShutdown@CBaseFX@@UAEXXZ 64001710 f i BaseFx.obj
 0001:00000710       ?Term@CCreateFX@@UAEXXZ    64001710 f i CreateFX.obj
 0001:00000720       ??_GCBaseFX@@UAEPAXI@Z     64001720 f i BaseFx.obj
 0001:00000720       ??_ECBaseFX@@UAEPAXI@Z     64001720 f i BaseFx.obj
 0001:00000740       ??9?$TVector3@M@@QBE_NABU0@@Z 64001740 f i BaseFx.obj
 0001:00000790       ?Right@LTRotation@@QBE?AU?$TVector3@M@@XZ 64001790 f i BaseFx.obj
 0001:000007e0       ?Up@LTRotation@@QBE?AU?$TVector3@M@@XZ 640017e0 f i BaseFx.obj
 0001:00000830       ?Forward@LTRotation@@QBE?AU?$TVector3@M@@XZ 64001830 f i BaseFx.obj
 0001:00000880       ?Clear@ObjectCreateStruct@@QAEXXZ 64001880 f i BaseFx.obj
 0001:00000930       ??_GCBaseFXProps@@UAEPAXI@Z 64001930 f i BaseFx.obj
 0001:00000930       ??_ECBaseFXProps@@UAEPAXI@Z 64001930 f i BaseFx.obj
 0001:00000970       ?Init@CBaseFX@@UAE_NPAVILTClient@@PAUFX_BASEDATA@@PBVCBaseFXProps@@@Z 64001970 f   BaseFx.obj
 0001:00000a40       ??1ObjectCreateStruct@@QAE@XZ 64001a40 f i BaseFx.obj
 0001:00000a80       ??0ObjectCreateStruct@@QAE@XZ 64001a80 f i BaseFx.obj
 0001:00000ac0       ?GetAttachmentSocketTransform@@YAIPAVLTObject@@PBDAAU?$TVector3@M@@AAULTRotation@@@Z 64001ac0 f i BaseFx.obj
 0001:00000be0       ?Update@CBaseFX@@UAE_NM@Z  64001be0 f   BaseFx.obj
 0001:00001270       ?CreateDummyObject@CBaseFX@@IAEXXZ 64002270 f   BaseFx.obj
 0001:00001370       ?Vector@FX_PROP@@QAEXPADPAM@Z 64002370 f i bouncychunkfx.obj
 0001:000013c0       ?Mag@?$TVector3@M@@QBEMXZ  640023c0 f i bouncychunkfx.obj
 0001:000013f0       ?Norm@?$TVector3@M@@QAEXM@Z 640023f0 f i bouncychunkfx.obj
 0001:00001450       ?AddTail@?$CFastList@UFX_PROP@@@@QAE_NUFX_PROP@@@Z 64002450 f i bouncychunkfx.obj
 0001:00001510       ?Cross@?$TVector3@M@@QBE?BU1@ABU1@@Z 64002510 f i bouncychunkfx.obj
 0001:00001550       ??0CBouncyChunkProps@@QAE@XZ 64002550 f   bouncychunkfx.obj
 0001:000015b0       ?fxGetLTBBouncyChunkProps@@YAXPAV?$CFastList@UFX_PROP@@@@@Z 640025b0 f   LTBbouncychunkfx.obj
 0001:000015b0       ?fxGetBouncyChunkProps@@YAXPAV?$CFastList@UFX_PROP@@@@@Z 640025b0 f   bouncychunkfx.obj
 0001:00001860       ??0IntersectQuery@@QAE@XZ  64002860 f i bouncychunkfx.obj
 0001:000018a0       ??0IntersectInfo@@QAE@XZ   640028a0 f i bouncychunkfx.obj
 0001:000018e0       ??0CCamJitterProps@@QAE@XZ 640028e0 f   camjitterfx.obj
 0001:00001900       ?ParseProperties@CCamJitterProps@@UAE_NPAUFX_PROP@@I@Z 64002900 f   camjitterfx.obj
 0001:00001990       ??0CCamJitterFX@@QAE@XZ    64002990 f   camjitterfx.obj
 0001:000019b0       ?Init@CCamJitterFX@@UAE_NPAVILTClient@@PAUFX_BASEDATA@@PBVCBaseFXProps@@@Z 640029b0 f   camjitterfx.obj
 0001:000019e0       ??1CSpriteProps@@UAE@XZ    640029e0 f i FlareSpriteFX.obj
 0001:000019e0       ??1CParticleSystemProps@@UAE@XZ 640029e0 f i ParticleSystemFX.obj
 0001:000019e0       ??1CSpriteSystemProps@@UAE@XZ 640029e0 f i spritesystemfx.obj
 0001:000019e0       ??1CLTBModelProps@@UAE@XZ  640029e0 f i ltbmodelfx.obj
 0001:000019e0       ??1CLTBBouncyChunkProps@@UAE@XZ 640029e0 f i LTBbouncychunkfx.obj
 0001:000019e0       ??1CPlayRandomSoundProps@@UAE@XZ 640029e0 f i playrandomsoundfx.obj
 0001:000019e0       ??1CPlaySoundProps@@UAE@XZ 640029e0 f i playsoundfx.obj
 0001:000019e0       ??1CBouncyChunkProps@@UAE@XZ 640029e0 f i bouncychunkfx.obj
 0001:000019e0       ??1CFlareSpriteProps@@UAE@XZ 640029e0 f i FlareSpriteFX.obj
 0001:000019e0       ??1CDynaLightProps@@UAE@XZ 640029e0 f i dynalightfx.obj
 0001:000019e0       ??1CCamWobbleProps@@UAE@XZ 640029e0 f i camwobblefx.obj
 0001:000019e0       ??1CCamJitterProps@@UAE@XZ 640029e0 f i camjitterfx.obj
 0001:000019e0       ??1CNullProps@@UAE@XZ      640029e0 f i nullfx.obj
 0001:000019e0       ??1CLightningProps@@UAE@XZ 640029e0 f i lightningfx.obj
 0001:000019e0       ??1CCreateProps@@UAE@XZ    640029e0 f i CreateFX.obj
 0001:000019e0       ??1CFallingStuffProps@@UAE@XZ 640029e0 f i fallingstufffx.obj
 0001:000019e0       ??1CPolyTubeProps@@UAE@XZ  640029e0 f i polytubefx.obj
 0001:000019f0       ??1CCamJitterFX@@UAE@XZ    640029f0 f   camjitterfx.obj
 0001:00001a50       ?fxGetCamJitterProps@@YAXPAV?$CFastList@UFX_PROP@@@@@Z 64002a50 f   camjitterfx.obj
 0001:00001b20       ??_GCCamJitterFX@@UAEPAXI@Z 64002b20 f i camjitterfx.obj
 0001:00001b20       ??_ECCamJitterFX@@UAEPAXI@Z 64002b20 f i camjitterfx.obj
 0001:00001b40       ?Update@CCamJitterFX@@UAE_NM@Z 64002b40 f   camjitterfx.obj
 0001:00001cf0       ??0CCamWobbleProps@@QAE@XZ 64002cf0 f   camwobblefx.obj
 0001:00001d30       ?ParseProperties@CCamWobbleProps@@UAE_NPAUFX_PROP@@I@Z 64002d30 f   camwobblefx.obj
 0001:00001e30       ??0CCamWobbleFX@@QAE@XZ    64002e30 f   camwobblefx.obj
 0001:00001e50       ?Init@CCamWobbleFX@@UAE_NPAVILTClient@@PAUFX_BASEDATA@@PBVCBaseFXProps@@@Z 64002e50 f   camwobblefx.obj
 0001:00001ea0       ?Term@CCamWobbleFX@@UAEXXZ 64002ea0 f   camwobblefx.obj
 0001:00001ee0       ??_GCSpriteSystemProps@@UAEPAXI@Z 64002ee0 f i spritesystemfx.obj
 0001:00001ee0       ??_ECFallingStuffProps@@UAEPAXI@Z 64002ee0 f i fallingstufffx.obj
 0001:00001ee0       ??_ECCreateProps@@UAEPAXI@Z 64002ee0 f i CreateFX.obj
 0001:00001ee0       ??_ECParticleSystemProps@@UAEPAXI@Z 64002ee0 f i ParticleSystemFX.obj
 0001:00001ee0       ??_GCPlayRandomSoundProps@@UAEPAXI@Z 64002ee0 f i playrandomsoundfx.obj
 0001:00001ee0       ??_ECLightningProps@@UAEPAXI@Z 64002ee0 f i lightningfx.obj
 0001:00001ee0       ??_ECLTBModelProps@@UAEPAXI@Z 64002ee0 f i ltbmodelfx.obj
 0001:00001ee0       ??_GCLTBModelProps@@UAEPAXI@Z 64002ee0 f i ltbmodelfx.obj
 0001:00001ee0       ??_GCPolyTubeProps@@UAEPAXI@Z 64002ee0 f i polytubefx.obj
 0001:00001ee0       ??_ECPolyTubeProps@@UAEPAXI@Z 64002ee0 f i polytubefx.obj
 0001:00001ee0       ??_GCFlareSpriteProps@@UAEPAXI@Z 64002ee0 f i FlareSpriteFX.obj
 0001:00001ee0       ??_ECNullProps@@UAEPAXI@Z  64002ee0 f i nullfx.obj
 0001:00001ee0       ??_ECSpriteProps@@UAEPAXI@Z 64002ee0 f i spritefx.obj
 0001:00001ee0       ??_ECPlaySoundProps@@UAEPAXI@Z 64002ee0 f i playsoundfx.obj
 0001:00001ee0       ??_ECDynaLightProps@@UAEPAXI@Z 64002ee0 f i dynalightfx.obj
 0001:00001ee0       ??_GCSpriteProps@@UAEPAXI@Z 64002ee0 f i spritefx.obj
 0001:00001ee0       ??_ECCamWobbleProps@@UAEPAXI@Z 64002ee0 f i camwobblefx.obj
 0001:00001ee0       ??_GCPlaySoundProps@@UAEPAXI@Z 64002ee0 f i playsoundfx.obj
 0001:00001ee0       ??_GCCamJitterProps@@UAEPAXI@Z 64002ee0 f i camjitterfx.obj
 0001:00001ee0       ??_GCFallingStuffProps@@UAEPAXI@Z 64002ee0 f i fallingstufffx.obj
 0001:00001ee0       ??_ECLTBBouncyChunkProps@@UAEPAXI@Z 64002ee0 f i LTBbouncychunkfx.obj
 0001:00001ee0       ??_ECSpriteSystemProps@@UAEPAXI@Z 64002ee0 f i spritesystemfx.obj
 0001:00001ee0       ??_GCCamWobbleProps@@UAEPAXI@Z 64002ee0 f i camwobblefx.obj
 0001:00001ee0       ??_ECFlareSpriteProps@@UAEPAXI@Z 64002ee0 f i FlareSpriteFX.obj
 0001:00001ee0       ??_GCLTBBouncyChunkProps@@UAEPAXI@Z 64002ee0 f i LTBbouncychunkfx.obj
 0001:00001ee0       ??_ECBouncyChunkProps@@UAEPAXI@Z 64002ee0 f i bouncychunkfx.obj
 0001:00001ee0       ??_GCParticleSystemProps@@UAEPAXI@Z 64002ee0 f i ParticleSystemFX.obj
 0001:00001ee0       ??_ECPlayRandomSoundProps@@UAEPAXI@Z 64002ee0 f i playrandomsoundfx.obj
 0001:00001ee0       ??_ECCamJitterProps@@UAEPAXI@Z 64002ee0 f i camjitterfx.obj
 0001:00001ee0       ??_GCDynaLightProps@@UAEPAXI@Z 64002ee0 f i dynalightfx.obj
 0001:00001ee0       ??_GCLightningProps@@UAEPAXI@Z 64002ee0 f i lightningfx.obj
 0001:00001ee0       ??_GCBouncyChunkProps@@UAEPAXI@Z 64002ee0 f i bouncychunkfx.obj
 0001:00001ee0       ??_GCCreateProps@@UAEPAXI@Z 64002ee0 f i CreateFX.obj
 0001:00001ee0       ??_GCNullProps@@UAEPAXI@Z  64002ee0 f i nullfx.obj
 0001:00001f00       ??1CCamWobbleFX@@UAE@XZ    64002f00 f   camwobblefx.obj
 0001:00001f80       ?fxGetCamWobbleProps@@YAXPAV?$CFastList@UFX_PROP@@@@@Z 64002f80 f   camwobblefx.obj
 0001:00002120       ??_ECCamWobbleFX@@UAEPAXI@Z 64003120 f i camwobblefx.obj
 0001:00002120       ??_GCCamWobbleFX@@UAEPAXI@Z 64003120 f i camwobblefx.obj
 0001:00002140       ?Update@CCamWobbleFX@@UAE_NM@Z 64003140 f   camwobblefx.obj
 0001:000022a0       ??0LT_VERTGT@@QAE@XZ       640032a0 f i clientfx.obj
 0001:000022b0       _DllMain@12                640032b0 f   clientfx.obj
 0001:000022c0       _fxGetNum                  640032c0 f   clientfx.obj
 0001:000022d0       _fxSetPlayer               640032d0 f   clientfx.obj
 0001:000022e0       _fxSetAppFocus             640032e0 f   clientfx.obj
 0001:000022f0       _fxSetCreateFunction       640032f0 f   clientfx.obj
 0001:00002310       ?fxCreateFallingStuff@@YAPAVCBaseFX@@XZ 64003310 f   clientfx.obj
 0001:00002310       ?fxCreateBouncyChunk@@YAPAVCBaseFX@@XZ 64003310 f   clientfx.obj
 0001:00002320       ?CreateNewFX@@YA_NABUCLIENTFX_CREATESTRUCT@@_N@Z 64003320 f   clientfx.obj
 0001:00002350       ??0?$CAPIHolder@VILTClient@@@@QAE@PBDAAPAVILTClient@@H@Z 64003350 f i clientfx.obj
 0001:000023c0       ??1?$CAPIHolder@VILTClient@@@@UAE@XZ 640033c0 f i clientfx.obj
 0001:00002430       ?APIRemoved@?$CAPIHolder@VILTClient@@@@UAEXXZ 64003430 f i clientfx.obj
 0001:00002440       ?APIFound@?$CAPIHolder@VILTClient@@@@UAEXPAVIBase@@@Z 64003440 f i clientfx.obj
 0001:00002450       ?Interface@?$CAPIHolder@VILTClient@@@@UAEPAVIBase@@XZ 64003450 f i clientfx.obj
 0001:00002460       ??_H@YGXPAXIHP6EPAX0@Z@Z   64003460 f i clientfx.obj
 0001:00002490       ??$debug_new_fn@VCParticleSystemProps@@@@YAPAVCParticleSystemProps@@XZ 64003490 f i clientfx.obj
 0001:000024f0       ??$debug_new_fn@VCSpriteProps@@@@YAPAVCSpriteProps@@XZ 640034f0 f i clientfx.obj
 0001:00002550       ??$debug_new_fn@VCNullProps@@@@YAPAVCNullProps@@XZ 64003550 f i clientfx.obj
 0001:000025b0       ??$debug_new_fn@VCLTBModelProps@@@@YAPAVCLTBModelProps@@XZ 640035b0 f i clientfx.obj
 0001:00002610       ??$debug_new_fn@VCDynaLightProps@@@@YAPAVCDynaLightProps@@XZ 64003610 f i clientfx.obj
 0001:00002670       ??$debug_new_fn@VCPlaySoundProps@@@@YAPAVCPlaySoundProps@@XZ 64003670 f i clientfx.obj
 0001:000026d0       ??$debug_new_fn@VCCamJitterProps@@@@YAPAVCCamJitterProps@@XZ 640036d0 f i clientfx.obj
 0001:00002730       ??$debug_new_fn@VCCamWobbleProps@@@@YAPAVCCamWobbleProps@@XZ 64003730 f i clientfx.obj
 0001:00002790       ??$debug_new_fn@VCBouncyChunkProps@@@@YAPAVCBouncyChunkProps@@XZ 64003790 f i clientfx.obj
 0001:000027f0       ??$debug_new_fn@VCLTBBouncyChunkProps@@@@YAPAVCLTBBouncyChunkProps@@XZ 640037f0 f i clientfx.obj
 0001:00002850       ??$debug_new_fn@VCFallingStuffProps@@@@YAPAVCFallingStuffProps@@XZ 64003850 f i clientfx.obj
 0001:000028b0       ??$debug_new_fn@VCPolyTubeProps@@@@YAPAVCPolyTubeProps@@XZ 640038b0 f i clientfx.obj
 0001:00002910       ??$debug_new_fn@VCPlayRandomSoundProps@@@@YAPAVCPlayRandomSoundProps@@XZ 64003910 f i clientfx.obj
 0001:00002970       ??$debug_new_fn@VCSpriteSystemProps@@@@YAPAVCSpriteSystemProps@@XZ 64003970 f i clientfx.obj
 0001:000029d0       ??$debug_new_fn@VCCreateProps@@@@YAPAVCCreateProps@@XZ 640039d0 f i clientfx.obj
 0001:00002a30       ??$debug_new_fn@VCFlareSpriteProps@@@@YAPAVCFlareSpriteProps@@XZ 64003a30 f i clientfx.obj
 0001:00002a90       ??$debug_new_fn@VCLightningProps@@@@YAPAVCLightningProps@@XZ 64003a90 f i clientfx.obj
 0001:00002af0       ??_G?$CAPIHolder@VILTClient@@@@UAEPAXI@Z 64003af0 f i clientfx.obj
 0001:00002af0       ??_E?$CAPIHolder@VILTClient@@@@UAEPAXI@Z 64003af0 f i clientfx.obj
 0001:00002b10       ?GetLastUsed@?$CBankedListBank@VCSpriteSystem@@@@AAEIXZ 64003b10 f i clientfx.obj
 0001:00002b10       ?GetLastUsed@?$CBankedListBank@VCDynaLightFX@@@@AAEIXZ 64003b10 f i clientfx.obj
 0001:00002b10       ?GetLastUsed@?$CBankedListBank@VCCamWobbleFX@@@@AAEIXZ 64003b10 f i clientfx.obj
 0001:00002b10       ?GetLastUsed@?$CBankedListBank@VCCreateFX@@@@AAEIXZ 64003b10 f i clientfx.obj
 0001:00002b10       ?GetLastUsed@?$CBankedListBank@VCPlayRandomSoundFX@@@@AAEIXZ 64003b10 f i clientfx.obj
 0001:00002b10       ?GetLastUsed@?$CBankedListBank@VCSpriteFX@@@@AAEIXZ 64003b10 f i clientfx.obj
 0001:00002b10       ?GetLastUsed@?$CBankedListBank@VCLightningFX@@@@AAEIXZ 64003b10 f i clientfx.obj
 0001:00002b10       ?GetLastUsed@?$CBankedListBank@VCParticleSystemFX@@@@AAEIXZ 64003b10 f i clientfx.obj
 0001:00002b10       ?GetLastUsed@?$CBankedListBank@VCPlaySoundFX@@@@AAEIXZ 64003b10 f i clientfx.obj
 0001:00002b10       ?GetLastUsed@?$CBankedListBank@VCLTBBouncyChunkFX@@@@AAEIXZ 64003b10 f i clientfx.obj
 0001:00002b10       ?GetLastUsed@?$CBankedListBank@VCNullFX@@@@AAEIXZ 64003b10 f i clientfx.obj
 0001:00002b10       ?GetLastUsed@?$CBankedListBank@VCFlareSpriteFX@@@@AAEIXZ 64003b10 f i clientfx.obj
 0001:00002b10       ?GetLastUsed@?$CBankedListBank@VCLTBModelFX@@@@AAEIXZ 64003b10 f i clientfx.obj
 0001:00002b10       ?GetLastUsed@?$CBankedListBank@VCPolyTubeFX@@@@AAEIXZ 64003b10 f i clientfx.obj
 0001:00002b10       ?GetLastUsed@?$CBankedListBank@VCCamJitterFX@@@@AAEIXZ 64003b10 f i clientfx.obj
 0001:00002b40       _fxCreatePropList          64003b40 f   clientfx.obj
 0001:00002bf0       _fxFreePropList            64003bf0 f   clientfx.obj
 0001:00002c00       ?AddBaseProps@@YAXPAV?$CFastList@UFX_PROP@@@@@Z 64003c00 f   clientfx.obj
 0001:00003000       ?Find@?$CBankedList@VCParticleSystemFX@@@@QAE?AV?$CBankedListIter@VCParticleSystemFX@@@@PAVCParticleSystemFX@@@Z 64004000 f i clientfx.obj
 0001:00003060       ?New@?$CBankedListBank@VCParticleSystemFX@@@@AAEPAVCParticleSystemFX@@W4t_NewOp@?$CBankedList@VCParticleSystemFX@@@@@Z 64004060 f i clientfx.obj
 0001:000030d0       ?MoveToEmptyList@?$CBankedList@VCLTBBouncyChunkFX@@@@AAEXPAV?$CBankedListBank@VCLTBBouncyChunkFX@@@@@Z 640040d0 f i clientfx.obj
 0001:000030d0       ?MoveToEmptyList@?$CBankedList@VCFlareSpriteFX@@@@AAEXPAV?$CBankedListBank@VCFlareSpriteFX@@@@@Z 640040d0 f i clientfx.obj
 0001:000030d0       ?MoveToEmptyList@?$CBankedList@VCPlaySoundFX@@@@AAEXPAV?$CBankedListBank@VCPlaySoundFX@@@@@Z 640040d0 f i clientfx.obj
 0001:000030d0       ?MoveToEmptyList@?$CBankedList@VCCamWobbleFX@@@@AAEXPAV?$CBankedListBank@VCCamWobbleFX@@@@@Z 640040d0 f i clientfx.obj
 0001:000030d0       ?MoveToEmptyList@?$CBankedList@VCCamJitterFX@@@@AAEXPAV?$CBankedListBank@VCCamJitterFX@@@@@Z 640040d0 f i clientfx.obj
 0001:000030d0       ?MoveToEmptyList@?$CBankedList@VCSpriteSystem@@@@AAEXPAV?$CBankedListBank@VCSpriteSystem@@@@@Z 640040d0 f i clientfx.obj
 0001:000030d0       ?MoveToEmptyList@?$CBankedList@VCLightningFX@@@@AAEXPAV?$CBankedListBank@VCLightningFX@@@@@Z 640040d0 f i clientfx.obj
 0001:000030d0       ?MoveToEmptyList@?$CBankedList@VCPolyTubeFX@@@@AAEXPAV?$CBankedListBank@VCPolyTubeFX@@@@@Z 640040d0 f i clientfx.obj
 0001:000030d0       ?MoveToEmptyList@?$CBankedList@VCDynaLightFX@@@@AAEXPAV?$CBankedListBank@VCDynaLightFX@@@@@Z 640040d0 f i clientfx.obj
 0001:000030d0       ?MoveToEmptyList@?$CBankedList@VCCreateFX@@@@AAEXPAV?$CBankedListBank@VCCreateFX@@@@@Z 640040d0 f i clientfx.obj
 0001:000030d0       ?MoveToEmptyList@?$CBankedList@VCPlayRandomSoundFX@@@@AAEXPAV?$CBankedListBank@VCPlayRandomSoundFX@@@@@Z 640040d0 f i clientfx.obj
 0001:000030d0       ?MoveToEmptyList@?$CBankedList@VCLTBModelFX@@@@AAEXPAV?$CBankedListBank@VCLTBModelFX@@@@@Z 640040d0 f i clientfx.obj
 0001:000030d0       ?MoveToEmptyList@?$CBankedList@VCSpriteFX@@@@AAEXPAV?$CBankedListBank@VCSpriteFX@@@@@Z 640040d0 f i clientfx.obj
 0001:000030d0       ?MoveToEmptyList@?$CBankedList@VCParticleSystemFX@@@@AAEXPAV?$CBankedListBank@VCParticleSystemFX@@@@@Z 640040d0 f i clientfx.obj
 0001:000030d0       ?MoveToEmptyList@?$CBankedList@VCNullFX@@@@AAEXPAV?$CBankedListBank@VCNullFX@@@@@Z 640040d0 f i clientfx.obj
 0001:00003140       ?Find@?$CBankedList@VCLTBModelFX@@@@QAE?AV?$CBankedListIter@VCLTBModelFX@@@@PAVCLTBModelFX@@@Z 64004140 f i clientfx.obj
 0001:000031a0       ?New@?$CBankedListBank@VCLTBModelFX@@@@AAEPAVCLTBModelFX@@W4t_NewOp@?$CBankedList@VCLTBModelFX@@@@@Z 640041a0 f i clientfx.obj
 0001:00003210       ?New@?$CBankedListBank@VCCreateFX@@@@AAEPAVCCreateFX@@W4t_NewOp@?$CBankedList@VCCreateFX@@@@@Z 64004210 f i clientfx.obj
 0001:00003210       ?New@?$CBankedListBank@VCDynaLightFX@@@@AAEPAVCDynaLightFX@@W4t_NewOp@?$CBankedList@VCDynaLightFX@@@@@Z 64004210 f i clientfx.obj
 0001:00003210       ?New@?$CBankedListBank@VCCamJitterFX@@@@AAEPAVCCamJitterFX@@W4t_NewOp@?$CBankedList@VCCamJitterFX@@@@@Z 64004210 f i clientfx.obj
 0001:00003280       ?New@?$CBankedListBank@VCPlayRandomSoundFX@@@@AAEPAVCPlayRandomSoundFX@@W4t_NewOp@?$CBankedList@VCPlayRandomSoundFX@@@@@Z 64004280 f i clientfx.obj
 0001:00003280       ?New@?$CBankedListBank@VCCamWobbleFX@@@@AAEPAVCCamWobbleFX@@W4t_NewOp@?$CBankedList@VCCamWobbleFX@@@@@Z 64004280 f i clientfx.obj
 0001:00003280       ?New@?$CBankedListBank@VCPlaySoundFX@@@@AAEPAVCPlaySoundFX@@W4t_NewOp@?$CBankedList@VCPlaySoundFX@@@@@Z 64004280 f i clientfx.obj
 0001:000032f0       ?Find@?$CBankedList@VCCreateFX@@@@QAE?AV?$CBankedListIter@VCCreateFX@@@@PAVCCreateFX@@@Z 640042f0 f i clientfx.obj
 0001:000032f0       ?Find@?$CBankedList@VCDynaLightFX@@@@QAE?AV?$CBankedListIter@VCDynaLightFX@@@@PAVCDynaLightFX@@@Z 640042f0 f i clientfx.obj
 0001:000032f0       ?Find@?$CBankedList@VCCamJitterFX@@@@QAE?AV?$CBankedListIter@VCCamJitterFX@@@@PAVCCamJitterFX@@@Z 640042f0 f i clientfx.obj
 0001:00003350       ?Find@?$CBankedList@VCLTBBouncyChunkFX@@@@QAE?AV?$CBankedListIter@VCLTBBouncyChunkFX@@@@PAVCLTBBouncyChunkFX@@@Z 64004350 f i clientfx.obj
 0001:000033b0       ?New@?$CBankedListBank@VCLTBBouncyChunkFX@@@@AAEPAVCLTBBouncyChunkFX@@W4t_NewOp@?$CBankedList@VCLTBBouncyChunkFX@@@@@Z 640043b0 f i clientfx.obj
 0001:00003420       ?Find@?$CBankedList@VCNullFX@@@@QAE?AV?$CBankedListIter@VCNullFX@@@@PAVCNullFX@@@Z 64004420 f i clientfx.obj
 0001:00003480       ?New@?$CBankedListBank@VCNullFX@@@@AAEPAVCNullFX@@W4t_NewOp@?$CBankedList@VCNullFX@@@@@Z 64004480 f i clientfx.obj
 0001:000034f0       ?Find@?$CBankedList@VCPlaySoundFX@@@@QAE?AV?$CBankedListIter@VCPlaySoundFX@@@@PAVCPlaySoundFX@@@Z 640044f0 f i clientfx.obj
 0001:000034f0       ?Find@?$CBankedList@VCCamWobbleFX@@@@QAE?AV?$CBankedListIter@VCCamWobbleFX@@@@PAVCCamWobbleFX@@@Z 640044f0 f i clientfx.obj
 0001:000034f0       ?Find@?$CBankedList@VCPlayRandomSoundFX@@@@QAE?AV?$CBankedListIter@VCPlayRandomSoundFX@@@@PAVCPlayRandomSoundFX@@@Z 640044f0 f i clientfx.obj
 0001:00003550       ?Find@?$CBankedList@VCSpriteSystem@@@@QAE?AV?$CBankedListIter@VCSpriteSystem@@@@PAVCSpriteSystem@@@Z 64004550 f i clientfx.obj
 0001:000035b0       ?New@?$CBankedListBank@VCSpriteSystem@@@@AAEPAVCSpriteSystem@@W4t_NewOp@?$CBankedList@VCSpriteSystem@@@@@Z 640045b0 f i clientfx.obj
 0001:00003620       ?Find@?$CBankedList@VCFlareSpriteFX@@@@QAE?AV?$CBankedListIter@VCFlareSpriteFX@@@@PAVCFlareSpriteFX@@@Z 64004620 f i clientfx.obj
 0001:00003620       ?Find@?$CBankedList@VCSpriteFX@@@@QAE?AV?$CBankedListIter@VCSpriteFX@@@@PAVCSpriteFX@@@Z 64004620 f i clientfx.obj
 0001:00003620       ?Find@?$CBankedList@VCPolyTubeFX@@@@QAE?AV?$CBankedListIter@VCPolyTubeFX@@@@PAVCPolyTubeFX@@@Z 64004620 f i clientfx.obj
 0001:00003680       ?New@?$CBankedListBank@VCSpriteFX@@@@AAEPAVCSpriteFX@@W4t_NewOp@?$CBankedList@VCSpriteFX@@@@@Z 64004680 f i clientfx.obj
 0001:00003680       ?New@?$CBankedListBank@VCPolyTubeFX@@@@AAEPAVCPolyTubeFX@@W4t_NewOp@?$CBankedList@VCPolyTubeFX@@@@@Z 64004680 f i clientfx.obj
 0001:00003680       ?New@?$CBankedListBank@VCFlareSpriteFX@@@@AAEPAVCFlareSpriteFX@@W4t_NewOp@?$CBankedList@VCFlareSpriteFX@@@@@Z 64004680 f i clientfx.obj
 0001:000036f0       ?Find@?$CBankedList@VCLightningFX@@@@QAE?AV?$CBankedListIter@VCLightningFX@@@@PAVCLightningFX@@@Z 640046f0 f i clientfx.obj
 0001:00003750       ?New@?$CBankedListBank@VCLightningFX@@@@AAEPAVCLightningFX@@W4t_NewOp@?$CBankedList@VCLightningFX@@@@@Z 64004750 f i clientfx.obj
 0001:000037c0       ??$debug_new_fn@V?$CBankedListBank@VCParticleSystemFX@@@@@@YAPAV?$CBankedListBank@VCParticleSystemFX@@@@XZ 640047c0 f i clientfx.obj
 0001:000037e0       ??$debug_new_fn@V?$CBankedListBank@VCLTBModelFX@@@@@@YAPAV?$CBankedListBank@VCLTBModelFX@@@@XZ 640047e0 f i clientfx.obj
 0001:00003800       ??$debug_new_fn@V?$CBankedListBank@VCCamWobbleFX@@@@@@YAPAV?$CBankedListBank@VCCamWobbleFX@@@@XZ 64004800 f i clientfx.obj
 0001:00003800       ??$debug_new_fn@V?$CBankedListBank@VCPlayRandomSoundFX@@@@@@YAPAV?$CBankedListBank@VCPlayRandomSoundFX@@@@XZ 64004800 f i clientfx.obj
 0001:00003800       ??$debug_new_fn@V?$CBankedListBank@VCPlaySoundFX@@@@@@YAPAV?$CBankedListBank@VCPlaySoundFX@@@@XZ 64004800 f i clientfx.obj
 0001:00003820       ??$debug_new_fn@V?$CBankedListBank@VCCreateFX@@@@@@YAPAV?$CBankedListBank@VCCreateFX@@@@XZ 64004820 f i clientfx.obj
 0001:00003820       ??$debug_new_fn@V?$CBankedListBank@VCDynaLightFX@@@@@@YAPAV?$CBankedListBank@VCDynaLightFX@@@@XZ 64004820 f i clientfx.obj
 0001:00003820       ??$debug_new_fn@V?$CBankedListBank@VCCamJitterFX@@@@@@YAPAV?$CBankedListBank@VCCamJitterFX@@@@XZ 64004820 f i clientfx.obj
 0001:00003840       ??$debug_new_fn@V?$CBankedListBank@VCLTBBouncyChunkFX@@@@@@YAPAV?$CBankedListBank@VCLTBBouncyChunkFX@@@@XZ 64004840 f i clientfx.obj
 0001:00003860       ??$debug_new_fn@V?$CBankedListBank@VCNullFX@@@@@@YAPAV?$CBankedListBank@VCNullFX@@@@XZ 64004860 f i clientfx.obj
 0001:00003880       ??$debug_new_fn@V?$CBankedListBank@VCSpriteSystem@@@@@@YAPAV?$CBankedListBank@VCSpriteSystem@@@@XZ 64004880 f i clientfx.obj
 0001:000038a0       ??$debug_new_fn@V?$CBankedListBank@VCPolyTubeFX@@@@@@YAPAV?$CBankedListBank@VCPolyTubeFX@@@@XZ 640048a0 f i clientfx.obj
 0001:000038a0       ??$debug_new_fn@V?$CBankedListBank@VCFlareSpriteFX@@@@@@YAPAV?$CBankedListBank@VCFlareSpriteFX@@@@XZ 640048a0 f i clientfx.obj
 0001:000038a0       ??$debug_new_fn@V?$CBankedListBank@VCSpriteFX@@@@@@YAPAV?$CBankedListBank@VCSpriteFX@@@@XZ 640048a0 f i clientfx.obj
 0001:000038c0       ??$debug_new_fn@V?$CBankedListBank@VCLightningFX@@@@@@YAPAV?$CBankedListBank@VCLightningFX@@@@XZ 640048c0 f i clientfx.obj
 0001:000038e0       ?Delete@?$CBankedList@VCParticleSystemFX@@@@QAEXPAVCParticleSystemFX@@_N@Z 640048e0 f i clientfx.obj
 0001:00003960       ?Delete@?$CBankedList@VCPolyTubeFX@@@@QAEXPAVCPolyTubeFX@@_N@Z 64004960 f i clientfx.obj
 0001:00003960       ?Delete@?$CBankedList@VCSpriteFX@@@@QAEXPAVCSpriteFX@@_N@Z 64004960 f i clientfx.obj
 0001:00003960       ?Delete@?$CBankedList@VCFlareSpriteFX@@@@QAEXPAVCFlareSpriteFX@@_N@Z 64004960 f i clientfx.obj
 0001:000039e0       ?Delete@?$CBankedList@VCLTBModelFX@@@@QAEXPAVCLTBModelFX@@_N@Z 640049e0 f i clientfx.obj
 0001:00003a60       ?Delete@?$CBankedList@VCLTBBouncyChunkFX@@@@QAEXPAVCLTBBouncyChunkFX@@_N@Z 64004a60 f i clientfx.obj
 0001:00003ae0       ?Delete@?$CBankedList@VCNullFX@@@@QAEXPAVCNullFX@@_N@Z 64004ae0 f i clientfx.obj
 0001:00003b60       ?Delete@?$CBankedList@VCPlaySoundFX@@@@QAEXPAVCPlaySoundFX@@_N@Z 64004b60 f i clientfx.obj
 0001:00003b60       ?Delete@?$CBankedList@VCCamWobbleFX@@@@QAEXPAVCCamWobbleFX@@_N@Z 64004b60 f i clientfx.obj
 0001:00003b60       ?Delete@?$CBankedList@VCPlayRandomSoundFX@@@@QAEXPAVCPlayRandomSoundFX@@_N@Z 64004b60 f i clientfx.obj
 0001:00003be0       ?Delete@?$CBankedList@VCSpriteSystem@@@@QAEXPAVCSpriteSystem@@_N@Z 64004be0 f i clientfx.obj
 0001:00003c60       ?Delete@?$CBankedList@VCCreateFX@@@@QAEXPAVCCreateFX@@_N@Z 64004c60 f i clientfx.obj
 0001:00003c60       ?Delete@?$CBankedList@VCCamJitterFX@@@@QAEXPAVCCamJitterFX@@_N@Z 64004c60 f i clientfx.obj
 0001:00003c60       ?Delete@?$CBankedList@VCDynaLightFX@@@@QAEXPAVCDynaLightFX@@_N@Z 64004c60 f i clientfx.obj
 0001:00003ce0       ?Delete@?$CBankedList@VCLightningFX@@@@QAEXPAVCLightningFX@@_N@Z 64004ce0 f i clientfx.obj
 0001:00003d60       ?GetNewBank@?$CBankedList@VCParticleSystemFX@@@@AAEPAV?$CBankedListBank@VCParticleSystemFX@@@@XZ 64004d60 f i clientfx.obj
 0001:00003dd0       ??$?3VCParticleSystemFX@@@@YAXPAXAAV?$CBankedList@VCParticleSystemFX@@@@PAVCParticleSystemFX@@@Z 64004dd0 f i clientfx.obj
 0001:00003e50       ?GetNewBank@?$CBankedList@VCLTBModelFX@@@@AAEPAV?$CBankedListBank@VCLTBModelFX@@@@XZ 64004e50 f i clientfx.obj
 0001:00003ec0       ??$?3VCLTBModelFX@@@@YAXPAXAAV?$CBankedList@VCLTBModelFX@@@@PAVCLTBModelFX@@@Z 64004ec0 f i clientfx.obj
 0001:00003f40       ??$?3VCCamJitterFX@@@@YAXPAXAAV?$CBankedList@VCCamJitterFX@@@@PAVCCamJitterFX@@@Z 64004f40 f i clientfx.obj
 0001:00003f40       ??$?3VCCreateFX@@@@YAXPAXAAV?$CBankedList@VCCreateFX@@@@PAVCCreateFX@@@Z 64004f40 f i clientfx.obj
 0001:00003f40       ??$?3VCDynaLightFX@@@@YAXPAXAAV?$CBankedList@VCDynaLightFX@@@@PAVCDynaLightFX@@@Z 64004f40 f i clientfx.obj
 0001:00003fc0       ?GetNewBank@?$CBankedList@VCPlaySoundFX@@@@AAEPAV?$CBankedListBank@VCPlaySoundFX@@@@XZ 64004fc0 f i clientfx.obj
 0001:00003fc0       ?GetNewBank@?$CBankedList@VCCamWobbleFX@@@@AAEPAV?$CBankedListBank@VCCamWobbleFX@@@@XZ 64004fc0 f i clientfx.obj
 0001:00003fc0       ?GetNewBank@?$CBankedList@VCPlayRandomSoundFX@@@@AAEPAV?$CBankedListBank@VCPlayRandomSoundFX@@@@XZ 64004fc0 f i clientfx.obj
 0001:00004030       ??$?3VCCamWobbleFX@@@@YAXPAXAAV?$CBankedList@VCCamWobbleFX@@@@PAVCCamWobbleFX@@@Z 64005030 f i clientfx.obj
 0001:00004030       ??$?3VCPlaySoundFX@@@@YAXPAXAAV?$CBankedList@VCPlaySoundFX@@@@PAVCPlaySoundFX@@@Z 64005030 f i clientfx.obj
 0001:00004030       ??$?3VCPlayRandomSoundFX@@@@YAXPAXAAV?$CBankedList@VCPlayRandomSoundFX@@@@PAVCPlayRandomSoundFX@@@Z 64005030 f i clientfx.obj
 0001:000040b0       ?GetNewBank@?$CBankedList@VCLTBBouncyChunkFX@@@@AAEPAV?$CBankedListBank@VCLTBBouncyChunkFX@@@@XZ 640050b0 f i clientfx.obj
 0001:00004120       ??$?3VCLTBBouncyChunkFX@@@@YAXPAXAAV?$CBankedList@VCLTBBouncyChunkFX@@@@PAVCLTBBouncyChunkFX@@@Z 64005120 f i clientfx.obj
 0001:000041a0       ?Term@?$CBankedList@VCCamWobbleFX@@@@QAEXXZ 640051a0 f i clientfx.obj
 0001:000041a0       ?Term@?$CBankedList@VCNullFX@@@@QAEXXZ 640051a0 f i clientfx.obj
 0001:000041a0       ?Term@?$CBankedList@VCSpriteFX@@@@QAEXXZ 640051a0 f i clientfx.obj
 0001:000041a0       ?Term@?$CBankedList@VCPlayRandomSoundFX@@@@QAEXXZ 640051a0 f i clientfx.obj
 0001:000041a0       ?Term@?$CBankedList@VCLTBBouncyChunkFX@@@@QAEXXZ 640051a0 f i clientfx.obj
 0001:000041a0       ?Term@?$CBankedList@VCLTBModelFX@@@@QAEXXZ 640051a0 f i clientfx.obj
 0001:000041a0       ?Term@?$CBankedList@VCParticleSystemFX@@@@QAEXXZ 640051a0 f i clientfx.obj
 0001:000041a0       ?Term@?$CBankedList@VCLightningFX@@@@QAEXXZ 640051a0 f i clientfx.obj
 0001:000041a0       ?Term@?$CBankedList@VCCreateFX@@@@QAEXXZ 640051a0 f i clientfx.obj
 0001:000041a0       ?Term@?$CBankedList@VCPolyTubeFX@@@@QAEXXZ 640051a0 f i clientfx.obj
 0001:000041a0       ?Term@?$CBankedList@VCPlaySoundFX@@@@QAEXXZ 640051a0 f i clientfx.obj
 0001:000041a0       ?Term@?$CBankedList@VCSpriteSystem@@@@QAEXXZ 640051a0 f i clientfx.obj
 0001:000041a0       ?Term@?$CBankedList@VCDynaLightFX@@@@QAEXXZ 640051a0 f i clientfx.obj
 0001:000041a0       ?Term@?$CBankedList@VCCamJitterFX@@@@QAEXXZ 640051a0 f i clientfx.obj
 0001:000041a0       ?Term@?$CBankedList@VCFlareSpriteFX@@@@QAEXXZ 640051a0 f i clientfx.obj
 0001:000041f0       ?GetNewBank@?$CBankedList@VCNullFX@@@@AAEPAV?$CBankedListBank@VCNullFX@@@@XZ 640051f0 f i clientfx.obj
 0001:00004260       ??$?3VCNullFX@@@@YAXPAXAAV?$CBankedList@VCNullFX@@@@PAVCNullFX@@@Z 64005260 f i clientfx.obj
 0001:000042e0       ?GetNewBank@?$CBankedList@VCSpriteFX@@@@AAEPAV?$CBankedListBank@VCSpriteFX@@@@XZ 640052e0 f i clientfx.obj
 0001:000042e0       ?GetNewBank@?$CBankedList@VCPolyTubeFX@@@@AAEPAV?$CBankedListBank@VCPolyTubeFX@@@@XZ 640052e0 f i clientfx.obj
 0001:000042e0       ?GetNewBank@?$CBankedList@VCFlareSpriteFX@@@@AAEPAV?$CBankedListBank@VCFlareSpriteFX@@@@XZ 640052e0 f i clientfx.obj
 0001:00004350       ?GetNewBank@?$CBankedList@VCSpriteSystem@@@@AAEPAV?$CBankedListBank@VCSpriteSystem@@@@XZ 64005350 f i clientfx.obj
 0001:000043c0       ??$?3VCSpriteSystem@@@@YAXPAXAAV?$CBankedList@VCSpriteSystem@@@@PAVCSpriteSystem@@@Z 640053c0 f i clientfx.obj
 0001:00004440       ?GetNewBank@?$CBankedList@VCDynaLightFX@@@@AAEPAV?$CBankedListBank@VCDynaLightFX@@@@XZ 64005440 f i clientfx.obj
 0001:00004440       ?GetNewBank@?$CBankedList@VCCreateFX@@@@AAEPAV?$CBankedListBank@VCCreateFX@@@@XZ 64005440 f i clientfx.obj
 0001:00004440       ?GetNewBank@?$CBankedList@VCCamJitterFX@@@@AAEPAV?$CBankedListBank@VCCamJitterFX@@@@XZ 64005440 f i clientfx.obj
 0001:000044b0       ??$?3VCSpriteFX@@@@YAXPAXAAV?$CBankedList@VCSpriteFX@@@@PAVCSpriteFX@@@Z 640054b0 f i clientfx.obj
 0001:000044b0       ??$?3VCFlareSpriteFX@@@@YAXPAXAAV?$CBankedList@VCFlareSpriteFX@@@@PAVCFlareSpriteFX@@@Z 640054b0 f i clientfx.obj
 0001:000044b0       ??$?3VCPolyTubeFX@@@@YAXPAXAAV?$CBankedList@VCPolyTubeFX@@@@PAVCPolyTubeFX@@@Z 640054b0 f i clientfx.obj
 0001:00004530       ?GetNewBank@?$CBankedList@VCLightningFX@@@@AAEPAV?$CBankedListBank@VCLightningFX@@@@XZ 64005530 f i clientfx.obj
 0001:000045a0       ??$?3VCLightningFX@@@@YAXPAXAAV?$CBankedList@VCLightningFX@@@@PAVCLightningFX@@@Z 640055a0 f i clientfx.obj
 0001:00004620       _fxDelete                  64005620 f   clientfx.obj
 0001:00004750       ?New@?$CBankedList@VCParticleSystemFX@@@@QAEPAVCParticleSystemFX@@W4t_NewOp@1@_N@Z 64005750 f i clientfx.obj
 0001:00004800       ?New@?$CBankedList@VCSpriteFX@@@@QAEPAVCSpriteFX@@W4t_NewOp@1@_N@Z 64005800 f i clientfx.obj
 0001:000048b0       ?New@?$CBankedList@VCLTBModelFX@@@@QAEPAVCLTBModelFX@@W4t_NewOp@1@_N@Z 640058b0 f i clientfx.obj
 0001:00004960       ?New@?$CBankedList@VCDynaLightFX@@@@QAEPAVCDynaLightFX@@W4t_NewOp@1@_N@Z 64005960 f i clientfx.obj
 0001:00004a10       ?New@?$CBankedList@VCPlaySoundFX@@@@QAEPAVCPlaySoundFX@@W4t_NewOp@1@_N@Z 64005a10 f i clientfx.obj
 0001:00004ac0       ?New@?$CBankedList@VCCamJitterFX@@@@QAEPAVCCamJitterFX@@W4t_NewOp@1@_N@Z 64005ac0 f i clientfx.obj
 0001:00004b70       ?New@?$CBankedList@VCCamWobbleFX@@@@QAEPAVCCamWobbleFX@@W4t_NewOp@1@_N@Z 64005b70 f i clientfx.obj
 0001:00004c20       ?New@?$CBankedList@VCLTBBouncyChunkFX@@@@QAEPAVCLTBBouncyChunkFX@@W4t_NewOp@1@_N@Z 64005c20 f i clientfx.obj
 0001:00004cd0       ?New@?$CBankedList@VCNullFX@@@@QAEPAVCNullFX@@W4t_NewOp@1@_N@Z 64005cd0 f i clientfx.obj
 0001:00004d80       ?New@?$CBankedList@VCPolyTubeFX@@@@QAEPAVCPolyTubeFX@@W4t_NewOp@1@_N@Z 64005d80 f i clientfx.obj
 0001:00004e30       ?New@?$CBankedList@VCPlayRandomSoundFX@@@@QAEPAVCPlayRandomSoundFX@@W4t_NewOp@1@_N@Z 64005e30 f i clientfx.obj
 0001:00004ee0       ?New@?$CBankedList@VCSpriteSystem@@@@QAEPAVCSpriteSystem@@W4t_NewOp@1@_N@Z 64005ee0 f i clientfx.obj
 0001:00004f90       ?New@?$CBankedList@VCCreateFX@@@@QAEPAVCCreateFX@@W4t_NewOp@1@_N@Z 64005f90 f i clientfx.obj
 0001:00005040       ?New@?$CBankedList@VCFlareSpriteFX@@@@QAEPAVCFlareSpriteFX@@W4t_NewOp@1@_N@Z 64006040 f i clientfx.obj
 0001:000050f0       ?New@?$CBankedList@VCLightningFX@@@@QAEPAVCLightningFX@@W4t_NewOp@1@_N@Z 640060f0 f i clientfx.obj
 0001:000051a0       ?fxCreateParticleSystem@@YAPAVCBaseFX@@XZ 640061a0 f   clientfx.obj
 0001:000051b0       ?fxCreateSprite@@YAPAVCBaseFX@@XZ 640061b0 f   clientfx.obj
 0001:000051c0       ?fxCreateLTBModel@@YAPAVCBaseFX@@XZ 640061c0 f   clientfx.obj
 0001:000051d0       ?fxCreateDynaLight@@YAPAVCBaseFX@@XZ 640061d0 f   clientfx.obj
 0001:000051e0       ?fxCreatePlaySound@@YAPAVCBaseFX@@XZ 640061e0 f   clientfx.obj
 0001:000051f0       ?fxCreateCamJitter@@YAPAVCBaseFX@@XZ 640061f0 f   clientfx.obj
 0001:00005200       ?fxCreateCamWobble@@YAPAVCBaseFX@@XZ 64006200 f   clientfx.obj
 0001:00005210       ?fxCreateLTBBouncyChunk@@YAPAVCBaseFX@@XZ 64006210 f   clientfx.obj
 0001:00005220       ?fxCreateNull@@YAPAVCBaseFX@@XZ 64006220 f   clientfx.obj
 0001:00005230       ?fxCreatePolyTube@@YAPAVCBaseFX@@XZ 64006230 f   clientfx.obj
 0001:00005240       ?fxCreatePlayRandomSound@@YAPAVCBaseFX@@XZ 64006240 f   clientfx.obj
 0001:00005250       ?fxCreateSpriteSystem@@YAPAVCBaseFX@@XZ 64006250 f   clientfx.obj
 0001:00005260       ?fxCreateCreateFX@@YAPAVCBaseFX@@XZ 64006260 f   clientfx.obj
 0001:00005270       ?fxCreateFlareSpriteFX@@YAPAVCBaseFX@@XZ 64006270 f   clientfx.obj
 0001:00005280       ?fxCreateLightningFX@@YAPAVCBaseFX@@XZ 64006280 f   clientfx.obj
 0001:00005290       _fxGetRef                  64006290 f   clientfx.obj
 0001:00005820       ??0CCreateProps@@QAE@XZ    64006820 f   CreateFX.obj
 0001:00005840       ??0CCreateFX@@QAE@XZ       64006840 f   CreateFX.obj
 0001:00005860       ?Update@CCreateFX@@UAE_NM@Z 64006860 f i CreateFX.obj
 0001:00005870       ??1CBaseFX@@UAE@XZ         64006870 f   bouncychunkfx.obj
 0001:00005870       ??1CCreateFX@@UAE@XZ       64006870 f   CreateFX.obj
 0001:00005880       ?ParseProperties@CCreateProps@@UAE_NPAUFX_PROP@@I@Z 64006880 f   CreateFX.obj
 0001:00005920       ??_ECCreateFX@@UAEPAXI@Z   64006920 f i CreateFX.obj
 0001:00005920       ??_GCCreateFX@@UAEPAXI@Z   64006920 f i CreateFX.obj
 0001:00005940       ?Init@CCreateFX@@UAE_NPAVILTClient@@PAUFX_BASEDATA@@PBVCBaseFXProps@@@Z 64006940 f   CreateFX.obj
 0001:000059b0       ?fxGetCreateProps@@YAXPAV?$CFastList@UFX_PROP@@@@@Z 640069b0 f   CreateFX.obj
 0001:00005a90       ??0CDynaLightProps@@QAE@XZ 64006a90 f   dynalightfx.obj
 0001:00005ab0       ?ParseProperties@CDynaLightProps@@UAE_NPAUFX_PROP@@I@Z 64006ab0 f   dynalightfx.obj
 0001:00005b40       ??0CDynaLightFX@@QAE@XZ    64006b40 f   dynalightfx.obj
 0001:00005b60       ??$LTCLAMP@MMM@@YAMMMM@Z   64006b60 f i dynalightfx.obj
 0001:00005b90       ??1CDynaLightFX@@UAE@XZ    64006b90 f   dynalightfx.obj
 0001:00005bf0       ?Update@CDynaLightFX@@UAE_NM@Z 64006bf0 f   dynalightfx.obj
 0001:00005d60       ?fxGetDynaLightProps@@YAXPAV?$CFastList@UFX_PROP@@@@@Z 64006d60 f   dynalightfx.obj
 0001:00005e40       ??_ECDynaLightFX@@UAEPAXI@Z 64006e40 f i dynalightfx.obj
 0001:00005e40       ??_GCDynaLightFX@@UAEPAXI@Z 64006e40 f i dynalightfx.obj
 0001:00005e60       ?Init@CDynaLightFX@@UAE_NPAVILTClient@@PAUFX_BASEDATA@@PBVCBaseFXProps@@@Z 64006e60 f   dynalightfx.obj
 0001:00005fc0       ?ParseProperties@CFallingStuffProps@@UAE_NPAUFX_PROP@@I@Z 64006fc0 f   fallingstufffx.obj
 0001:00006360       ?quat_Mul@@YAXPAMPBM1@Z    64007360 f i fallingstufffx.obj
 0001:000063f0       ?SetBasisVectors@LTMatrix@@QAEXPBU?$TVector3@M@@00@Z 640073f0 f i fallingstufffx.obj
 0001:00006460       ?MatMul@@YAXPAULTMatrix@@PBU1@1@Z 64007460 f i fallingstufffx.obj
 0001:00006680       ??DLTRotation@@QBE?AU0@ABU0@@Z 64007680 f i fallingstufffx.obj
 0001:000066e0       ?Rotate@LTRotation@@QAEXABU?$TVector3@M@@M@Z 640076e0 f i fallingstufffx.obj
 0001:00006750       ??0CFallingStuffProps@@QAE@XZ 64007750 f   fallingstufffx.obj
 0001:00006800       ?fxGetFallingStuffProps@@YAXPAV?$CFastList@UFX_PROP@@@@@Z 64007800 f   fallingstufffx.obj
 0001:00006d40       ?MatVMul_InPlace@@YAXPBULTMatrix@@PAU?$TVector3@M@@@Z 64007d40 f i fallingstufffx.obj
 0001:00006db0       ?Normalize@?$TVector3@M@@QAEABU1@XZ 64007db0 f i fallingstufffx.obj
 0001:00006df0       ??0LTRotation@@QAE@ABU?$TVector3@M@@0@Z 64007df0 f i fallingstufffx.obj
 0001:00006f80       ?SpriteListFilterFn@@YA_NPAVLTObject@@PAX@Z 64007f80 f i spritefx.obj
 0001:00006f80       ?FlareSpriteListFilterFn@@YA_NPAVLTObject@@PAX@Z 64007f80 f i FlareSpriteFX.obj
 0001:00006fb0       ??0CFlareSpriteFX@@QAE@XZ  64007fb0 f   FlareSpriteFX.obj
 0001:00006fd0       ??1CFlareSpriteFX@@UAE@XZ  64007fd0 f   FlareSpriteFX.obj
 0001:00006fe0       ??0CFlareSpriteProps@@QAE@XZ 64007fe0 f   FlareSpriteFX.obj
 0001:00007040       ?ParseProperties@CFlareSpriteProps@@UAE_NPAUFX_PROP@@I@Z 64008040 f   FlareSpriteFX.obj
 0001:00007310       ??_ECFlareSpriteFX@@UAEPAXI@Z 64008310 f i FlareSpriteFX.obj
 0001:00007310       ??_GCFlareSpriteFX@@UAEPAXI@Z 64008310 f i FlareSpriteFX.obj
 0001:00007330       ?fxGetFlareSpriteProps@@YAXPAV?$CFastList@UFX_PROP@@@@@Z 64008330 f   FlareSpriteFX.obj
 0001:00007650       ?Update@CFlareSpriteFX@@UAE_NM@Z 64008650 f   FlareSpriteFX.obj
 0001:00007b20       ?GetTransform@CAttractor@CLightningFX@@QAEIAAVLTransform@@_N@Z 64008b20 f i lightningfx.obj
 0001:00007b90       ??0CLightningProps@@QAE@XZ 64008b90 f   lightningfx.obj
 0001:00007c50       ?OnRendererShutdown@CLightningFX@@UAEXXZ 64008c50 f   lightningfx.obj
 0001:00007c90       ?size@?$vector@VCAttractor@CLightningFX@@V?$allocator@VCAttractor@CLightningFX@@@std@@@std@@QBEIXZ 64008c90 f i lightningfx.obj
 0001:00007cb0       ?Term@?$CLinkList@UPT_TRAIL_SECTION@@@@QAEXXZ 64008cb0 f i lightningfx.obj
 0001:00007cf0       ??$fill@PAPAVCLightningBolt@CLightningFX@@PAV12@@std@@YAXPAPAVCLightningBolt@CLightningFX@@0ABQAV12@@Z 64008cf0 f i lightningfx.obj
 0001:00007d10       ??$fill@PAVCAttractor@CLightningFX@@V12@@std@@YAXPAVCAttractor@CLightningFX@@0ABV12@@Z 64008d10 f i lightningfx.obj
 0001:00007d50       ??$_Copy_backward_opt@PAVCAttractor@CLightningFX@@PAV12@@std@@YAPAVCAttractor@CLightningFX@@PAV12@00U_Nonscalar_ptr_iterator_tag@0@@Z 64008d50 f i lightningfx.obj
 0001:00007d90       ?GetPath@FX_PROP@@QAEXQAD@Z 64008d90 f i lightningfx.obj
 0001:00007de0       ?ParseProperties@CLightningProps@@UAE_NPAUFX_PROP@@I@Z 64008de0 f   lightningfx.obj
 0001:00008180       ?fxGetLightningProps@@YAXPAV?$CFastList@UFX_PROP@@@@@Z 64009180 f   lightningfx.obj
 0001:00008890       ?Identity@LTMatrix@@QAEXXZ 64009890 f i lightningfx.obj
 0001:000088d0       ??1?$CLinkList@UPT_TRAIL_SECTION@@@@QAE@XZ 640098d0 f i lightningfx.obj
 0001:000088e0       ??$copy_backward@PAPAVCLightningBolt@CLightningFX@@PAPAV12@@std@@YAPAPAVCLightningBolt@CLightningFX@@PAPAV12@00@Z 640098e0 f i lightningfx.obj
 0001:00008910       ??4PT_TRAIL_SECTION@@QAEAAU0@ABU0@@Z 64009910 f i lightningfx.obj
 0001:00008980       ??$_Uninit_copy@PAVCAttractor@CLightningFX@@PAV12@V?$allocator@VCAttractor@CLightningFX@@@std@@@std@@YAPAVCAttractor@CLightningFX@@PAV12@00AAV?$allocator@VCAttractor@CLightningFX@@@0@U_Nonscalar_ptr_iterator_tag@0@@Z 64009980 f i lightningfx.obj
 0001:000089c0       ?GetCamTransform@@YA?AULTMatrix@@PAVILTClient@@PAVLTObject@@@Z 640099c0 f i lightningfx.obj
 0001:00008c80       ??1CLightningBolt@CLightningFX@@QAE@XZ 64009c80 f i lightningfx.obj
 0001:00008c90       ?AddTail@?$CLinkList@UPT_TRAIL_SECTION@@@@QAE_NUPT_TRAIL_SECTION@@@Z 64009c90 f i lightningfx.obj
 0001:00008d30       ??$_Ucopy@PAPAVCLightningBolt@CLightningFX@@@?$vector@PAVCLightningBolt@CLightningFX@@V?$allocator@PAVCLightningBolt@CLightningFX@@@std@@@std@@IAEPAPAVCLightningBolt@CLightningFX@@PAPAV23@00@Z 64009d30 f i lightningfx.obj
 0001:00008d60       ??$_Uninit_fill_n@PAVCAttractor@CLightningFX@@IV12@V?$allocator@VCAttractor@CLightningFX@@@std@@@std@@YAXPAVCAttractor@CLightningFX@@IABV12@AAV?$allocator@VCAttractor@CLightningFX@@@0@U_Nonscalar_ptr_iterator_tag@0@@Z 64009d60 f i lightningfx.obj
 0001:00008da0       ?erase@?$basic_string@DU?$char_traits@D@std@@V?$allocator@D@2@@std@@QAEAAV12@II@Z 64009da0 f i lightningfx.obj
 0001:00008e20       ?_Copy@?$basic_string@DU?$char_traits@D@std@@V?$allocator@D@2@@std@@IAEXII@Z 64009e20 f i lightningfx.obj
 0001:00008f60       ?PreRender@CLightningFX@@IAEXM@Z 64009f60 f   lightningfx.obj
 0001:00009530       ?Render@CLightningFX@@UAE_NXZ 6400a530 f   lightningfx.obj
 0001:000099c0       ?_Ufill@?$vector@PAVCLightningBolt@CLightningFX@@V?$allocator@PAVCLightningBolt@CLightningFX@@@std@@@std@@IAEPAPAVCLightningBolt@CLightningFX@@PAPAV34@IABQAV34@@Z 6400a9c0 f i lightningfx.obj
 0001:000099f0       ??1?$basic_string@DU?$char_traits@D@std@@V?$allocator@D@2@@std@@QAE@XZ 6400a9f0 f i lightningfx.obj
 0001:00009a20       ?EmitBolts@CLightningFX@@IAEXM@Z 6400aa20 f   lightningfx.obj
 0001:0000a350       ?Update@CLightningFX@@UAE_NM@Z 6400b350 f   lightningfx.obj
 0001:0000a3c0       ??1?$vector@VCAttractor@CLightningFX@@V?$allocator@VCAttractor@CLightningFX@@@std@@@std@@QAE@XZ 6400b3c0 f i lightningfx.obj
 0001:0000a3c0       ??1?$vector@PAVCLightningBolt@CLightningFX@@V?$allocator@PAVCLightningBolt@CLightningFX@@@std@@@std@@QAE@XZ 6400b3c0 f i lightningfx.obj
 0001:0000a3f0       ?_Ufill@?$vector@VCAttractor@CLightningFX@@V?$allocator@VCAttractor@CLightningFX@@@std@@@std@@IAEPAVCAttractor@CLightningFX@@PAV34@IABV34@@Z 6400b3f0 f i lightningfx.obj
 0001:0000a420       ??1length_error@std@@UAE@XZ 6400b420 f i lightningfx.obj
 0001:0000a420       ??1logic_error@std@@UAE@XZ 6400b420 f i lightningfx.obj
 0001:0000a460       ?what@logic_error@std@@UBEPBDXZ 6400b460 f i lightningfx.obj
 0001:0000a470       ??_Glength_error@std@@UAEPAXI@Z 6400b470 f i lightningfx.obj
 0001:0000a470       ??_Glogic_error@std@@UAEPAXI@Z 6400b470 f i lightningfx.obj
 0001:0000a470       ??_Elogic_error@std@@UAEPAXI@Z 6400b470 f i lightningfx.obj
 0001:0000a470       ??_Elength_error@std@@UAEPAXI@Z 6400b470 f i lightningfx.obj
 0001:0000a490       ?assign@?$basic_string@DU?$char_traits@D@std@@V?$allocator@D@2@@std@@QAEAAV12@ABV12@II@Z 6400b490 f i lightningfx.obj
 0001:0000a580       ?assign@?$basic_string@DU?$char_traits@D@std@@V?$allocator@D@2@@std@@QAEAAV12@PBDI@Z 6400b580 f i lightningfx.obj
 0001:0000a670       ?Term@CLightningFX@@UAEXXZ 6400b670 f   lightningfx.obj
 0001:0000a700       ??0?$basic_string@DU?$char_traits@D@std@@V?$allocator@D@2@@std@@QAE@PBD@Z 6400b700 f i lightningfx.obj
 0001:0000a740       ??0logic_error@std@@QAE@ABV?$basic_string@DU?$char_traits@D@std@@V?$allocator@D@2@@1@@Z 6400b740 f i lightningfx.obj
 0001:0000a7a0       ??1CLightningFX@@UAE@XZ    6400b7a0 f   lightningfx.obj
 0001:0000a830       ??0logic_error@std@@QAE@ABV01@@Z 6400b830 f i lightningfx.obj
 0001:0000a8a0       ?_Xlen@?$vector@VCAttractor@CLightningFX@@V?$allocator@VCAttractor@CLightningFX@@@std@@@std@@IBEXXZ 6400b8a0 f i lightningfx.obj
 0001:0000a8a0       ?_Xlen@?$vector@PAVCLightningBolt@CLightningFX@@V?$allocator@PAVCLightningBolt@CLightningFX@@@std@@@std@@IBEXXZ 6400b8a0 f i lightningfx.obj
 0001:0000a910       ??0length_error@std@@QAE@ABV01@@Z 6400b910 f i lightningfx.obj
 0001:0000a930       ??_ECLightningFX@@UAEPAXI@Z 6400b930 f i lightningfx.obj
 0001:0000a930       ??_GCLightningFX@@UAEPAXI@Z 6400b930 f i lightningfx.obj
 0001:0000a950       ?_Insert_n@?$vector@PAVCLightningBolt@CLightningFX@@V?$allocator@PAVCLightningBolt@CLightningFX@@@std@@@std@@IAEXViterator@12@IABQAVCLightningBolt@CLightningFX@@@Z 6400b950 f i lightningfx.obj
 0001:0000ab30       ?_Insert_n@?$vector@VCAttractor@CLightningFX@@V?$allocator@VCAttractor@CLightningFX@@@std@@@std@@IAEXViterator@12@IABVCAttractor@CLightningFX@@@Z 6400bb30 f i lightningfx.obj
 0001:0000adf0       ?insert@?$vector@VCAttractor@CLightningFX@@V?$allocator@VCAttractor@CLightningFX@@@std@@@std@@QAE?AViterator@12@V312@ABVCAttractor@CLightningFX@@@Z 6400bdf0 f i lightningfx.obj
 0001:0000ae60       ??0CLightningFX@@QAE@XZ    6400be60 f   lightningfx.obj
 0001:0000aef0       ?push_back@?$vector@VCAttractor@CLightningFX@@V?$allocator@VCAttractor@CLightningFX@@@std@@@std@@QAEXABVCAttractor@CLightningFX@@@Z 6400bef0 f i lightningfx.obj
 0001:0000af70       ?Init@CLightningFX@@UAE_NPAVILTClient@@PAUFX_BASEDATA@@PBVCBaseFXProps@@@Z 6400bf70 f   lightningfx.obj
 0001:0000b410       ?Term@CLTBBouncyChunkFX@@UAEXXZ 6400c410 f   LTBbouncychunkfx.obj
 0001:0000b460       ??0CLTBBouncyChunkProps@@QAE@XZ 6400c460 f   LTBbouncychunkfx.obj
 0001:0000b4c0       ?ParseProperties@CLTBBouncyChunkProps@@UAE_NPAUFX_PROP@@I@Z 6400c4c0 f   LTBbouncychunkfx.obj
 0001:0000b4c0       ?ParseProperties@CBouncyChunkProps@@UAE_NPAUFX_PROP@@I@Z 6400c4c0 f   bouncychunkfx.obj
 0001:0000b790       ??0CLTBBouncyChunkFX@@QAE@XZ 6400c790 f   LTBbouncychunkfx.obj
 0001:0000b7b0       ??1CLTBBouncyChunkFX@@UAE@XZ 6400c7b0 f   LTBbouncychunkfx.obj
 0001:0000b800       ??_ECLTBBouncyChunkFX@@UAEPAXI@Z 6400c800 f i LTBbouncychunkfx.obj
 0001:0000b800       ??_GCLTBBouncyChunkFX@@UAEPAXI@Z 6400c800 f i LTBbouncychunkfx.obj
 0001:0000b820       ?Update@CLTBBouncyChunkFX@@UAE_NM@Z 6400c820 f   LTBbouncychunkfx.obj
 0001:0000bc90       ?Init@CLTBBouncyChunkFX@@UAE_NPAVILTClient@@PAUFX_BASEDATA@@PBVCBaseFXProps@@@Z 6400cc90 f   LTBbouncychunkfx.obj
 0001:0000c100       ?IsFinishedShuttingDown@CLTBModelFX@@UAE_NXZ 6400d100 f   ltbmodelfx.obj
 0001:0000c170       ?LengthSquared@?$TVector3@M@@QBEMXZ 6400d170 f i ltbmodelfx.obj
 0001:0000c190       ?MatVMul_H@@YAMPAU?$TVector3@M@@PBULTMatrix@@PBU1@@Z 6400d190 f i ltbmodelfx.obj
 0001:0000c210       ??0CLTBModelProps@@QAE@XZ  6400d210 f   ltbmodelfx.obj
 0001:0000c2b0       ??0CLTBModelFX@@QAE@XZ     6400d2b0 f   ltbmodelfx.obj
 0001:0000c300       ??1CLTBModelFX@@UAE@XZ     6400d300 f   ltbmodelfx.obj
 0001:0000c360       ?fxGetLTBModelProps@@YAXPAV?$CFastList@UFX_PROP@@@@@Z 6400d360 f   ltbmodelfx.obj
 0001:0000cc00       ?ParseProperties@CLTBModelProps@@UAE_NPAUFX_PROP@@I@Z 6400dc00 f   ltbmodelfx.obj
 0001:0000d040       ??_GCLTBModelFX@@UAEPAXI@Z 6400e040 f i ltbmodelfx.obj
 0001:0000d040       ??_ECLTBModelFX@@UAEPAXI@Z 6400e040 f i ltbmodelfx.obj
 0001:0000d060       ?Update@CLTBModelFX@@UAE_NM@Z 6400e060 f   ltbmodelfx.obj
 0001:0000d4a0       ?Init@CLTBModelFX@@UAE_NPAVILTClient@@PAUFX_BASEDATA@@PBVCBaseFXProps@@@Z 6400e4a0 f   ltbmodelfx.obj
 0001:0000db70       ?LTStrCpyCreate@?A0xc8dc574a@@YAPADPBD@Z 6400eb70 f i ltmodule.obj
 0001:0000dbb0       ?VersionError@CInterfaceDatabase@@AAEXPBD@Z 6400ebb0 f   ltmodule.obj
 0001:0000dbf0       ?SortedArrayCompareIBase@@YA?AW4RELATION@@PAVIBase@@0@Z 6400ebf0 f   ltmodule.obj
 0001:0000dc50       ?SortedArrayFindNameMgr@@YA?AW4RELATION@@PBDPAVCInterfaceNameMgr@@@Z 6400ec50 f   ltmodule.obj
 0001:0000dcb0       ?SortedArrayCompareNameMgr@@YA?AW4RELATION@@PAVCInterfaceNameMgr@@0@Z 6400ecb0 f   ltmodule.obj
 0001:0000dd10       ?remove@?$database_array@VIBase@@PBD@@QAE_NPAVIBase@@@Z 6400ed10 f i ltmodule.obj
 0001:0000dd10       ?remove@?$database_array@VCInterfaceNameMgr@@PBD@@QAE_NPAVCInterfaceNameMgr@@@Z 6400ed10 f i ltmodule.obj
 0001:0000dd10       ?remove_shift@?$database_list@VCInterfaceChooser@@@@QAE_NPAVCInterfaceChooser@@@Z 6400ed10 f i ltmodule.obj
 0001:0000dd60       ?remove@?$database_list@VCAPIHolderBase@@@@QAE_NPAVCAPIHolderBase@@@Z 6400ed60 f i ltmodule.obj
 0001:0000ddb0       ?index@?$database_array@VCInterfaceNameMgr@@PBD@@IAEHPBDP6A?AW4RELATION@@0PAVCInterfaceNameMgr@@@Z@Z 6400edb0 f i ltmodule.obj
 0001:0000de40       ?lengthen@?$database_array@VCInterfaceNameMgr@@PBD@@IAEXXZ 6400ee40 f i ltmodule.obj
 0001:0000de40       ?lengthen@?$database_list@VCInterfaceChooser@@@@IAEXXZ 6400ee40 f i ltmodule.obj
 0001:0000de40       ?lengthen@?$database_list@VCAPIHolderBase@@@@IAEXXZ 6400ee40 f i ltmodule.obj
 0001:0000de40       ?lengthen@?$database_array@VIBase@@PBD@@IAEXXZ 6400ee40 f i ltmodule.obj
 0001:0000de90       ?IsEmpty@CInterfaceDatabase@@EAE_NXZ 6400ee90 f   ltmodule.obj
 0001:0000dea0       ??0CInterfaceNameMgr@@QAE@PBDH@Z 6400eea0 f   ltmodule.obj
 0001:0000dfb0       ?Run@CInterfaceNameMgr@@QAE?AW4EChooserRun@@PAVCInterfaceChooser@@@Z 6400efb0 f   ltmodule.obj
 0001:0000e010       ?ConnectHolders@CInterfaceNameMgr@@IAEXPAVIBase@@@Z 6400f010 f   ltmodule.obj
 0001:0000e060       ?DisconnectHolders@CInterfaceNameMgr@@IAEXXZ 6400f060 f   ltmodule.obj
 0001:0000e0a0       ?insert@?$database_array@VCInterfaceNameMgr@@PBD@@IAEXPAVCInterfaceNameMgr@@I@Z 6400f0a0 f i ltmodule.obj
 0001:0000e0a0       ?insert@?$database_array@VIBase@@PBD@@IAEXPAVIBase@@I@Z 6400f0a0 f i ltmodule.obj
 0001:0000e0f0       ?Remove@CInterfaceDatabase@@EAEXPAVCAPIHolderBase@@@Z 6400f0f0 f   ltmodule.obj
 0001:0000e160       ?Remove@CInterfaceDatabase@@EAEXPAVCInterfaceChooser@@@Z 6400f160 f   ltmodule.obj
 0001:0000e1d0       ?Run@CInterfaceDatabase@@EAE?AW4EChooserRun@@PAVCInterfaceChooser@@@Z 6400f1d0 f   ltmodule.obj
 0001:0000e230       ??1CInterfaceNameMgr@@UAE@XZ 6400f230 f   ltmodule.obj
 0001:0000e2d0       ?Add@CInterfaceNameMgr@@QAEXPAVCAPIHolderBase@@@Z 6400f2d0 f   ltmodule.obj
 0001:0000e310       ?Remove@CInterfaceNameMgr@@QAEXPAVIBase@@@Z 6400f310 f   ltmodule.obj
 0001:0000e390       ??4?$CPointerTracked@VCInterfaceDatabase@@@@QAEAAV0@AAV0@@Z 6400f390 f i ltmodule.obj
 0001:0000e400       ??4?$CPointerTracked@VCInterfaceDatabase@@@@QAEAAV0@PAVCInterfaceDatabase@@@Z 6400f400 f i ltmodule.obj
 0001:0000e470       ?add@?$database_array@VIBase@@PBD@@QAEXPAVIBase@@P6A?AW4RELATION@@00@Z@Z 6400f470 f i ltmodule.obj
 0001:0000e470       ?add@?$database_array@VCInterfaceNameMgr@@PBD@@QAEXPAVCInterfaceNameMgr@@P6A?AW4RELATION@@00@Z@Z 6400f470 f i ltmodule.obj
 0001:0000e520       ??1CDatabasePtrs@@QAE@XZ   6400f520 f i ltmodule.obj
 0001:0000e5d0       ?RemoveHolder@CInterfaceDatabase@@SAXPAVCAPIHolderBase@@@Z 6400f5d0 f   ltmodule.obj
 0001:0000e660       ?Remove@CInterfaceDatabase@@EAEXPAVIBase@@PBD@Z 6400f660 f   ltmodule.obj
 0001:0000e6d0       ?Add@CInterfaceDatabase@@EAEXPAVCAPIHolderBase@@@Z 6400f6d0 f   ltmodule.obj
 0001:0000e7b0       ?Add@CInterfaceDatabase@@EAEXPAVCInterfaceChooser@@@Z 6400f7b0 f   ltmodule.obj
 0001:0000e8b0       ??_ECInterfaceNameMgr@@UAEPAXI@Z 6400f8b0 f i ltmodule.obj
 0001:0000e8b0       ??_GCInterfaceNameMgr@@UAEPAXI@Z 6400f8b0 f i ltmodule.obj
 0001:0000e8d0       ?Add@CInterfaceNameMgr@@QAEXPAVIBase@@@Z 6400f8d0 f   ltmodule.obj
 0001:0000e940       ??1?$CPointerTrackedTarget@VCInterfaceDatabase@@@@QAE@XZ 6400f940 f i ltmodule.obj
 0001:0000e9a0       ?DatabaseItemCountInc@CInterfaceDatabase@@SAXXZ 6400f9a0 f   ltmodule.obj
 0001:0000e9b0       ??0CInterfaceDatabase@@QAE@XZ 6400f9b0 f   ltmodule.obj
 0001:0000ea50       ??1CInterfaceDatabase@@QAE@XZ 6400fa50 f   ltmodule.obj
 0001:0000eae0       ?AddAPI@CInterfaceDatabase@@SAXPAVIBase@@PBDH@Z 6400fae0 f   ltmodule.obj
 0001:0000eb80       ?AddHolder@CInterfaceDatabase@@SAXPAVCAPIHolderBase@@@Z 6400fb80 f   ltmodule.obj
 0001:0000ec10       ?AddChooser@CInterfaceDatabase@@SAXPAVCInterfaceChooser@@@Z 6400fc10 f   ltmodule.obj
 0001:0000eca0       ?Add@CInterfaceDatabase@@EAEXPAVIBase@@PBDH@Z 6400fca0 f   ltmodule.obj
 0001:0000ed80       ?TransferFrom@CInterfaceNameMgr@@QAEXPAV1@@Z 6400fd80 f   ltmodule.obj
 0001:0000ee80       ??0CAPIHolderBase@@QAE@PBDH@Z 6400fe80 f   ltmodule.obj
 0001:0000eeb0       _SetMasterDatabase         6400feb0 f   ltmodule.obj
 0001:0000ef50       ?DatabaseItemCountDec@CInterfaceDatabase@@SAXXZ 6400ff50 f   ltmodule.obj
 0001:0000ef90       ?TransferFrom@CInterfaceDatabase@@UAEXPAV1@@Z 6400ff90 f   ltmodule.obj
 0001:0000f0d0       ?Destroy@CInterfaceDatabase@@UAEXXZ 640100d0 f   ltmodule.obj
 0001:0000f0f0       ??1CAPIHolderBase@@UAE@XZ  640100f0 f   ltmodule.obj
 0001:0000f140       ??_GCAPIHolderBase@@UAEPAXI@Z 64010140 f i ltmodule.obj
 0001:0000f140       ??_ECAPIHolderBase@@UAEPAXI@Z 64010140 f i ltmodule.obj
 0001:0000f1a0       ?quat_ConvertToMatrix@@YAXPBMQAY03M@Z 640101a0 f   ltquatbase.obj
 0001:0000f2c0       ?quat_ConvertFromMatrix@@YAXPAMQAY03$$CBM@Z 640102c0 f   ltquatbase.obj
 0001:0000f3d0       ?Term@CCamJitterFX@@UAEXXZ 640103d0 f   camjitterfx.obj
 0001:0000f3d0       ?Term@CDynaLightFX@@UAEXXZ 640103d0 f   dynalightfx.obj
 0001:0000f3d0       ?Term@CNullFX@@UAEXXZ      640103d0 f   nullfx.obj
 0001:0000f3d0       ?Term@CSpriteFX@@UAEXXZ    640103d0 f   spritefx.obj
 0001:0000f3d0       ?Term@CLTBModelFX@@UAEXXZ  640103d0 f   ltbmodelfx.obj
 0001:0000f3d0       ?Term@CParticleSystemFX@@UAEXXZ 640103d0 f   ParticleSystemFX.obj
 0001:0000f3f0       ??0CNullProps@@QAE@XZ      640103f0 f   nullfx.obj
 0001:0000f420       ?ParseProperties@CNullProps@@UAE_NPAUFX_PROP@@I@Z 64010420 f   nullfx.obj
 0001:0000f520       ??0CNullFX@@QAE@XZ         64010520 f   nullfx.obj
 0001:0000f550       ??1CNullFX@@UAE@XZ         64010550 f   nullfx.obj
 0001:0000f5b0       ?fxGetNullProps@@YAXPAV?$CFastList@UFX_PROP@@@@@Z 640105b0 f   nullfx.obj
 0001:0000f700       ??_ECNullFX@@UAEPAXI@Z     64010700 f i nullfx.obj
 0001:0000f700       ??_GCNullFX@@UAEPAXI@Z     64010700 f i nullfx.obj
 0001:0000f720       ?Update@CNullFX@@UAE_NM@Z  64010720 f   nullfx.obj
 0001:0000f980       ?Init@CNullFX@@UAE_NPAVILTClient@@PAUFX_BASEDATA@@PBVCBaseFXProps@@@Z 64010980 f   nullfx.obj
 0001:0000fd50       ?UpdateParticleColor@CParticleSystemFX@@IAEXPAULTParticle@@@Z 64010d50 f   ParticleSystemFX.obj
 0001:0000fe20       ?UpdateParticleScale@CParticleSystemFX@@IAEXPAULTParticle@@@Z 64010e20 f   ParticleSystemFX.obj
 0001:0000feb0       ?Render@CParticleSystemFX@@UAE_NXZ 64010eb0 f   ParticleSystemFX.obj
 0001:0000fec0       ?RemoveParticle@CParticleSystemFX@@IAEXPAULTParticle@@@Z 64010ec0 f   ParticleSystemFX.obj
 0001:0000ff10       ??0CLIENTFX_CREATESTRUCT@@QAE@PBDIAAU?$TVector3@M@@AAULTRotation@@@Z 64010f10 f i ParticleSystemFX.obj
 0001:0000ffa0       ?FindPerps@@YAXU?$TVector3@M@@AAU1@1@Z 64010fa0 f i ParticleSystemFX.obj
 0001:00010080       ??0CParticleSystemProps@@QAE@XZ 64011080 f   ParticleSystemFX.obj
 0001:00010160       ?ParseProperties@CParticleSystemProps@@UAE_NPAUFX_PROP@@I@Z 64011160 f   ParticleSystemFX.obj
 0001:00010730       ??0CParticleSystemFX@@QAE@XZ 64011730 f   ParticleSystemFX.obj
 0001:00010770       ?IsVisibleWhileSuspended@CParticleSystemFX@@UAE_NXZ 64011770 f i ParticleSystemFX.obj
 0001:00010780       ?IsFinishedShuttingDown@CParticleSystemFX@@UAE_NXZ 64011780 f i ParticleSystemFX.obj
 0001:00010790       ??1CParticleSystemFX@@UAE@XZ 64011790 f   ParticleSystemFX.obj
 0001:000107f0       ?fxGetParticleSystemProps@@YAXPAV?$CFastList@UFX_PROP@@@@@Z 640117f0 f   ParticleSystemFX.obj
 0001:00011170       ??0LTRotation@@QAE@MMM@Z   64012170 f i ParticleSystemFX.obj
 0001:00011270       ?SetupRotationAroundPoint@@YAXAAULTMatrix@@ABULTRotation@@ABU?$TVector3@M@@@Z 64012270 f i ParticleSystemFX.obj
 0001:000114c0       ??_ECParticleSystemFX@@UAEPAXI@Z 640124c0 f i ParticleSystemFX.obj
 0001:000114c0       ??_GCParticleSystemFX@@UAEPAXI@Z 640124c0 f i ParticleSystemFX.obj
 0001:000114e0       ?AddParticles@CParticleSystemFX@@IAEXXZ 640124e0 f   ParticleSystemFX.obj
 0001:00011eb0       ?UpdateParticles@CParticleSystemFX@@IAEXM@Z 64012eb0 f   ParticleSystemFX.obj
 0001:000128c0       ?Init@CParticleSystemFX@@UAE_NPAVILTClient@@PAUFX_BASEDATA@@PBVCBaseFXProps@@@Z 640138c0 f   ParticleSystemFX.obj
 0001:00012d10       ?SuspendedUpdate@CParticleSystemFX@@UAE_NM@Z 64013d10 f   ParticleSystemFX.obj
 0001:00012d40       ?Update@CParticleSystemFX@@UAE_NM@Z 64013d40 f   ParticleSystemFX.obj
 0001:00012e70       ??0CPlayRandomSoundProps@@QAE@XZ 64013e70 f   playrandomsoundfx.obj
 0001:00012eb0       ??0CPlayRandomSoundFX@@QAE@XZ 64013eb0 f   playrandomsoundfx.obj
 0001:00012ed0       ?ParseProperties@CPlayRandomSoundProps@@UAE_NPAUFX_PROP@@I@Z 64013ed0 f   playrandomsoundfx.obj
 0001:00013040       ??1CPlayRandomSoundFX@@UAE@XZ 64014040 f   playrandomsoundfx.obj
 0001:000130c0       ?fxGetPlayRandomSoundProps@@YAXPAV?$CFastList@UFX_PROP@@@@@Z 640140c0 f   playrandomsoundfx.obj
 0001:000133d0       ??_ECPlayRandomSoundFX@@UAEPAXI@Z 640143d0 f i playrandomsoundfx.obj
 0001:000133d0       ??_GCPlayRandomSoundFX@@UAEPAXI@Z 640143d0 f i playrandomsoundfx.obj
 0001:000133f0       ?PlaySound@CPlayRandomSoundFX@@IAEXXZ 640143f0 f   playrandomsoundfx.obj
 0001:00013540       ?Init@CPlayRandomSoundFX@@UAE_NPAVILTClient@@PAUFX_BASEDATA@@PBVCBaseFXProps@@@Z 64014540 f   playrandomsoundfx.obj
 0001:000136c0       ?Update@CPlayRandomSoundFX@@UAE_NM@Z 640146c0 f   playrandomsoundfx.obj
 0001:00013770       ??0CPlaySoundProps@@QAE@XZ 64014770 f   playsoundfx.obj
 0001:000137b0       ??0CPlaySoundFX@@QAE@XZ    640147b0 f   playsoundfx.obj
 0001:000137d0       ?Term@CPlaySoundFX@@UAEXXZ 640147d0 f   playsoundfx.obj
 0001:000137d0       ?Term@CPlayRandomSoundFX@@UAEXXZ 640147d0 f   playrandomsoundfx.obj
 0001:00013820       ?SuspendedUpdate@CPlaySoundFX@@UAE_NM@Z 64014820 f   playsoundfx.obj
 0001:00013820       ?SuspendedUpdate@CPlayRandomSoundFX@@UAE_NM@Z 64014820 f   playrandomsoundfx.obj
 0001:00013860       ?ParseProperties@CPlaySoundProps@@UAE_NPAUFX_PROP@@I@Z 64014860 f   playsoundfx.obj
 0001:000139b0       ??1CPlaySoundFX@@UAE@XZ    640149b0 f   playsoundfx.obj
 0001:00013a30       ?fxGetPlaySoundProps@@YAXPAV?$CFastList@UFX_PROP@@@@@Z 64014a30 f   playsoundfx.obj
 0001:00013da0       ??_GCPlaySoundFX@@UAEPAXI@Z 64014da0 f i playsoundfx.obj
 0001:00013da0       ??_ECPlaySoundFX@@UAEPAXI@Z 64014da0 f i playsoundfx.obj
 0001:00013dc0       ?PlaySound@CPlaySoundFX@@IAEXXZ 64014dc0 f   playsoundfx.obj
 0001:00013f30       ?Init@CPlaySoundFX@@UAE_NPAVILTClient@@PAUFX_BASEDATA@@PBVCBaseFXProps@@@Z 64014f30 f   playsoundfx.obj
 0001:000140b0       ?Update@CPlaySoundFX@@UAE_NM@Z 640150b0 f   playsoundfx.obj
 0001:00014190       ??0CPolyTubeProps@@QAE@XZ  64015190 f   polytubefx.obj
 0001:000141f0       ?Term@CPolyTubeFX@@UAEXXZ  640151f0 f   polytubefx.obj
 0001:00014240       ?OnRendererShutdown@CPolyTubeFX@@UAEXXZ 64015240 f   polytubefx.obj
 0001:00014280       ?Remove@?$CLinkList@UPT_TRAIL_SECTION@@@@QAEXPAU?$CLinkListNode@UPT_TRAIL_SECTION@@@@@Z 64015280 f i polytubefx.obj
 0001:00014310       ?ParseProperties@CPolyTubeProps@@UAE_NPAUFX_PROP@@I@Z 64015310 f   polytubefx.obj
 0001:00014500       ?CalcCurWidth@CPolyTubeFX@@QAEMXZ 64015500 f   polytubefx.obj
 0001:00014640       ?fxGetPolyTubeProps@@YAXPAV?$CFastList@UFX_PROP@@@@@Z 64015640 f   polytubefx.obj
 0001:00014a70       ??0CPolyTubeFX@@QAE@XZ     64015a70 f   polytubefx.obj
 0001:00014ac0       ?IsFinishedShuttingDown@CPolyTubeFX@@UAE_NXZ 64015ac0 f i polytubefx.obj
 0001:00014ad0       ??1CPolyTubeFX@@UAE@XZ     64015ad0 f   polytubefx.obj
 0001:00014b60       ?Render@CPolyTubeFX@@UAE_NXZ 64015b60 f   polytubefx.obj
 0001:00014fe0       ??_ECPolyTubeFX@@UAEPAXI@Z 64015fe0 f i polytubefx.obj
 0001:00014fe0       ??_GCPolyTubeFX@@UAEPAXI@Z 64015fe0 f i polytubefx.obj
 0001:00015000       ?Init@CPolyTubeFX@@UAE_NPAVILTClient@@PAUFX_BASEDATA@@PBVCBaseFXProps@@@Z 64016000 f   polytubefx.obj
 0001:000151e0       ?Update@CPolyTubeFX@@UAE_NM@Z 640161e0 f   polytubefx.obj
 0001:000158e0       ??0CSpriteProps@@QAE@XZ    640168e0 f   spritefx.obj
 0001:00015940       ??0CSpriteFX@@QAE@W4FXType@CBaseFX@@@Z 64016940 f   spritefx.obj
 0001:00015990       ??1CSpriteFX@@UAE@XZ       64016990 f   spritefx.obj
 0001:000159f0       ?fxGetSpriteProps@@YAXPAV?$CFastList@UFX_PROP@@@@@Z 640169f0 f   spritefx.obj
 0001:00015d50       ?ParseProperties@CSpriteProps@@UAE_NPAUFX_PROP@@I@Z 64016d50 f   spritefx.obj
 0001:00016040       ??_ECSpriteFX@@UAEPAXI@Z   64017040 f i spritefx.obj
 0001:00016040       ??_GCSpriteFX@@UAEPAXI@Z   64017040 f i spritefx.obj
 0001:00016060       ?Update@CSpriteFX@@UAE_NM@Z 64017060 f   spritefx.obj
 0001:00016480       ?Init@CSpriteFX@@UAE_NPAVILTClient@@PAUFX_BASEDATA@@PBVCBaseFXProps@@@Z 64017480 f   spritefx.obj
 0001:000168d0       ??$LTMAX@MM@@YAMMM@Z       640178d0 f i spritesystemfx.obj
 0001:000168f0       ?IsIdentity@LTRotation@@QBE_NXZ 640178f0 f i spritesystemfx.obj
 0001:00016940       ??0CSpriteSystemProps@@QAE@XZ 64017940 f   spritesystemfx.obj
 0001:00016a20       ?Term@CSpriteSystem@@UAEXXZ 64017a20 f   spritesystemfx.obj
 0001:00016ab0       ?fxGetSpriteSystemProps@@YAXPAV?$CFastList@UFX_PROP@@@@@Z 64017ab0 f   spritesystemfx.obj
 0001:000170d0       ??4SPRITE@@QAEAAU0@ABU0@@Z 640180d0 f i spritesystemfx.obj
 0001:00017140       ?ParseProperties@CSpriteSystemProps@@UAE_NPAUFX_PROP@@I@Z 64018140 f   spritesystemfx.obj
 0001:000175d0       ?AddSprites@CSpriteSystem@@IAEXXZ 640185d0 f   spritesystemfx.obj
 0001:00017e30       ?SetupParticle@CSpriteSystem@@IAEXABU?$TVector3@M@@MMABULTRotation@@EEEE@Z 64018e30 f   spritesystemfx.obj
 0001:00018210       ??1?$CSwapList@USPRITE@@@@QAE@XZ 64019210 f i spritesystemfx.obj
 0001:00018240       ?Free@?$CSwapList@USPRITE@@@@QAEXPAUSPRITE@@@Z 64019240 f i spritesystemfx.obj
 0001:000182a0       ??$debug_new_fna@USPRITE@@@@YAPAUSPRITE@@H@Z 640192a0 f i spritesystemfx.obj
 0001:000182f0       ??0CSpriteSystem@@QAE@XZ   640192f0 f   spritesystemfx.obj
 0001:00018350       ?IsVisibleWhileSuspended@CSpriteSystem@@UAE_NXZ 64019350 f i spritesystemfx.obj
 0001:00018360       ?IsFinishedShuttingDown@CSpriteSystem@@UAE_NXZ 64019360 f i spritesystemfx.obj
 0001:00018370       ??1CSpriteSystem@@UAE@XZ   64019370 f   spritesystemfx.obj
 0001:000183f0       ?UpdateSprites@CSpriteSystem@@IAEXM@Z 640193f0 f   spritesystemfx.obj
 0001:00018670       ?Render@CSpriteSystem@@UAE_NXZ 64019670 f   spritesystemfx.obj
 0001:00018a70       ??_ECSpriteSystem@@UAEPAXI@Z 64019a70 f i spritesystemfx.obj
 0001:00018a70       ??_GCSpriteSystem@@UAEPAXI@Z 64019a70 f i spritesystemfx.obj
 0001:00018a90       ?Init@CSpriteSystem@@UAE_NPAVILTClient@@PAUFX_BASEDATA@@PBVCBaseFXProps@@@Z 64019a90 f   spritesystemfx.obj
 0001:00018fc0       ?SuspendedUpdate@CSpriteSystem@@UAE_NM@Z 64019fc0 f   spritesystemfx.obj
 0001:00018ff0       ?Update@CSpriteSystem@@UAE_NM@Z 64019ff0 f   spritesystemfx.obj
 0001:000190d0       ??_U@YAPAXI@Z              6401a0d0 f   libcpmt:newaop.obj
 0001:000190d5       ??2@YAPAXI@Z               6401a0d5 f   libcpmt:newop.obj
 0001:000190f9       ??_Gout_of_range@std@@UAEPAXI@Z 6401a0f9 f i libcpmt:string.obj
 0001:000190f9       ??_Eout_of_range@std@@UAEPAXI@Z 6401a0f9 f i libcpmt:string.obj
 0001:00019115       ??1out_of_range@std@@UAE@XZ 6401a115 f i libcpmt:string.obj
 0001:00019120       ?_Xran@_String_base@std@@QBEXXZ 6401a120 f   libcpmt:string.obj
 0001:00019160       ??0out_of_range@std@@QAE@ABV01@@Z 6401a160 f i libcpmt:string.obj
 0001:00019178       ?_Xlen@_String_base@std@@QBEXXZ 6401a178 f   libcpmt:string.obj
 0001:000191b8       ??1bad_alloc@std@@UAE@XZ   6401a1b8 f i libcpmt:nomemory.obj
 0001:000191c3       ??_Ebad_alloc@std@@UAEPAXI@Z 6401a1c3 f i libcpmt:nomemory.obj
 0001:000191c3       ??_Gbad_alloc@std@@UAEPAXI@Z 6401a1c3 f i libcpmt:nomemory.obj
 0001:000191df       ??0bad_alloc@std@@QAE@ABV01@@Z 6401a1df f i libcpmt:nomemory.obj
 0001:000191f7       ?_Nomemory@std@@YAXXZ      6401a1f7 f   libcpmt:nomemory.obj
 0001:00019258       _atol                      6401a258 f   LIBCMT:atox.obj
 0001:000192e0       _atoi                      6401a2e0 f   LIBCMT:atox.obj
 0001:000192e5       _strtok                    6401a2e5 f   LIBCMT:strtok.obj
 0001:0001939a       __fpclear                  6401a39a f   LIBCMT:fpinit.obj
 0001:0001939b       __cfltcvt_init             6401a39b f   LIBCMT:fpinit.obj
 0001:000193d3       __fpmath                   6401a3d3 f   LIBCMT:fpinit.obj
 0001:00019400       _fmod                      6401a400 f   LIBCMT:87fmod.obj
 0001:0001940a       __CIfmod                   6401a40a f   LIBCMT:87fmod.obj
 0001:00019432       ??_V@YAXPAX@Z              6401a432 f   LIBCMT:delete2.obj
 0001:00019440       _strncpy                   6401a440 f   LIBCMT:strncpy.obj
 0001:00019564       __stricmp                  6401a564 f   LIBCMT:stricmp.obj
 0001:00019564       _stricmp                   6401a564 f   LIBCMT:stricmp.obj
 0001:000195cd       __purecall                 6401a5cd f   LIBCMT:purevirt.obj
 0001:000195e1       ??3@YAXPAX@Z               6401a5e1 f   LIBCMT:delete.obj
 0001:000195e6       ?_JumpToContinuation@@YGXPAXPAUEHRegistrationNode@@@Z 6401a5e6 f   LIBCMT:trnsctrl.obj
 0001:00019616       ?_CallMemberFunction0@@YGXPAX0@Z 6401a616 f   LIBCMT:trnsctrl.obj
 0001:00019616       ?_CallMemberFunction2@@YGXPAX00H@Z 6401a616 f   LIBCMT:trnsctrl.obj
 0001:00019616       ?_CallMemberFunction1@@YGXPAX00@Z 6401a616 f   LIBCMT:trnsctrl.obj
 0001:0001961d       ?_UnwindNestedFrames@@YGXPAUEHRegistrationNode@@PAUEHExceptionRecord@@@Z 6401a61d f   LIBCMT:trnsctrl.obj
 0001:0001966f       ___CxxFrameHandler         6401a66f f   LIBCMT:trnsctrl.obj
 0001:000196e0       ?_CallSETranslator@@YAHPAUEHExceptionRecord@@PAUEHRegistrationNode@@PAX2PBU_s_FuncInfo@@H1@Z 6401a6e0 f   LIBCMT:trnsctrl.obj
 0001:00019859       ?_GetRangeOfTrysToCheck@@YAPBU_s_TryBlockMapEntry@@PBU_s_FuncInfo@@HHPAI1@Z 6401a859 f   LIBCMT:trnsctrl.obj
 0001:000198d3       ?_CreateFrameInfo@@YAPAUFrameInfo@@PAU1@PAX@Z 6401a8d3 f   LIBCMT:trnsctrl.obj
 0001:000198fb       ?IsExceptionObjectToBeDestroyed@@YAHPAX@Z 6401a8fb f   LIBCMT:trnsctrl.obj
 0001:0001991c       ?_FindAndUnlinkFrame@@YAXPAUFrameInfo@@@Z 6401a91c f   LIBCMT:trnsctrl.obj
 0001:00019968       ?_CallCatchBlock2@@YAPAXPAUEHRegistrationNode@@PBU_s_FuncInfo@@PAXHK@Z 6401a968 f   LIBCMT:trnsctrl.obj
 0001:000199d0       __chkstk                   6401a9d0 f   LIBCMT:chkstk.obj
 0001:000199d0       __alloca_probe             6401a9d0     LIBCMT:chkstk.obj
 0001:00019a10       __global_unwind2           6401aa10 f   LIBCMT:exsup.obj
 0001:00019a52       __local_unwind2            6401aa52 f   LIBCMT:exsup.obj
 0001:00019aaa       __NLG_Return2              6401aaaa     LIBCMT:exsup.obj
 0001:00019aba       __abnormal_termination     6401aaba f   LIBCMT:exsup.obj
 0001:00019add       __NLG_Notify1              6401aadd f   LIBCMT:exsup.obj
 0001:00019ae6       __NLG_Notify               6401aae6 f   LIBCMT:exsup.obj
 0001:00019af9       __NLG_Dispatch             6401aaf9     LIBCMT:exsup.obj
 0001:00019afe       _rand                      6401aafe f   LIBCMT:rand.obj
 0001:00019b20       __ftol2                    6401ab20 f   LIBCMT:ftol2.obj
 0001:00019c15       ___onexitinit              6401ac15 f   LIBCMT:onexit.obj
 0001:00019c3d       __onexit                   6401ac3d f   LIBCMT:onexit.obj
 0001:00019c75       _atexit                    6401ac75 f   LIBCMT:onexit.obj
 0001:00019c90       _memmove                   6401ac90 f   LIBCMT:memmove.obj
 0001:00019fcd       __CxxThrowException@8      6401afcd f   LIBCMT:throw.obj
 0001:0001a007       ??0exception@@QAE@XZ       6401b007 f   LIBCMT:stdexcpt.obj
 0001:0001a018       ??0exception@@QAE@ABQBD@Z  6401b018 f   LIBCMT:stdexcpt.obj
 0001:0001a055       ??0exception@@QAE@ABV0@@Z  6401b055 f   LIBCMT:stdexcpt.obj
 0001:0001a09f       ??1exception@@UAE@XZ       6401b09f f   LIBCMT:stdexcpt.obj
 0001:0001a0b5       ?what@exception@@UBEPBDXZ  6401b0b5 f   LIBCMT:stdexcpt.obj
 0001:0001a0c2       ??_Eexception@@UAEPAXI@Z   6401b0c2 f i LIBCMT:stdexcpt.obj
 0001:0001a0c2       ??_Gexception@@UAEPAXI@Z   6401b0c2 f i LIBCMT:stdexcpt.obj
 0001:0001a0de       ??1type_info@@UAE@XZ       6401b0de f   LIBCMT:typinfo.obj
 0001:0001a124       ??_Gtype_info@@UAEPAXI@Z   6401b124 f i LIBCMT:typinfo.obj
 0001:0001a124       ??_Etype_info@@UAEPAXI@Z   6401b124 f i LIBCMT:typinfo.obj
 0001:0001a140       __CIacos                   6401b140 f   LIBCMT:acos.obj
 0001:0001a154       _acos                      6401b154     LIBCMT:acos.obj
 0001:0001a210       _pow                       6401b210 f   LIBCMT:pow.obj
 0001:0001a250       __CIpow                    6401b250 f   LIBCMT:pow.obj
 0001:0001a28b       __CIpow_default            6401b28b f   LIBCMT:pow.obj
 0001:0001a2a4       __pow_default              6401b2a4     LIBCMT:pow.obj
 0001:0001a49a       _sprintf                   6401b49a f   LIBCMT:sprintf.obj
 0001:0001a4f2       __CRT_INIT@12              6401b4f2 f   LIBCMT:dllcrt0.obj
 0001:0001a673       __DllMainCRTStartup@12     6401b673 f   LIBCMT:dllcrt0.obj
 0001:0001a757       __amsg_exit                6401b757 f   LIBCMT:dllcrt0.obj
 0001:0001a78a       __heap_alloc               6401b78a f   LIBCMT:malloc.obj
 0001:0001a805       __nh_malloc                6401b805 f   LIBCMT:malloc.obj
 0001:0001a831       _malloc                    6401b831 f   LIBCMT:malloc.obj
 0001:0001a843       __callnewh                 6401b843 f   LIBCMT:handler.obj
 0001:0001a860       _strlen                    6401b860 f   LIBCMT:strlen.obj
 0001:0001a8f0       _memcpy                    6401b8f0 f   LIBCMT:memcpy.obj
 0001:0001ac30       __EH_prolog                6401bc30 f   LIBCMT:ehprolog.obj
 0001:0001ac4f       ___isctype_mt              6401bc4f f   LIBCMT:isctype.obj
 0001:0001acc6       ___freetlocinfo            6401bcc6 f   LIBCMT:setlocal.obj
 0001:0001ae57       ___updatetlocinfo          6401be57 f   LIBCMT:setlocal.obj
 0001:0001ae92       ___crtTlsAlloc@4           6401be92 f   LIBCMT:tidtable.obj
 0001:0001ae9b       __mtterm                   6401be9b f   LIBCMT:tidtable.obj
 0001:0001aeb8       __initptd                  6401beb8 f   LIBCMT:tidtable.obj
 0001:0001aecb       __getptd                   6401becb f   LIBCMT:tidtable.obj
 0001:0001af3c       __freefls@4                6401bf3c f   LIBCMT:tidtable.obj
 0001:0001b083       __freeptd                  6401c083 f   LIBCMT:tidtable.obj
 0001:0001b0b2       __mtinit                   6401c0b2 f   LIBCMT:tidtable.obj
 0001:0001b1b0       __allmul                   6401c1b0 f   LIBCMT:llmul.obj
 0001:0001b215       @__security_check_cookie@4 6401c215 f   LIBCMT:secchk.obj
 0001:0001b223       __forcdecpt                6401c223 f   LIBCMT:cvt.obj
 0001:0001b25f       __cropzeros                6401c25f f   LIBCMT:cvt.obj
 0001:0001b2aa       __positive                 6401c2aa f   LIBCMT:cvt.obj
 0001:0001b2c4       __fassign                  6401c2c4 f   LIBCMT:cvt.obj
 0001:0001b3cd       __cftoe                    6401c3cd f   LIBCMT:cvt.obj
 0001:0001b4d5       __cftof                    6401c4d5 f   LIBCMT:cvt.obj
 0001:0001b537       __cftog                    6401c537 f   LIBCMT:cvt.obj
 0001:0001b5d1       __cfltcvt                  6401c5d1 f   LIBCMT:cvt.obj
 0001:0001b622       __setdefaultprecision      6401c622 f   LIBCMT:fp8.obj
 0001:0001b634       __ms_p5_test_fdiv          6401c634 f   LIBCMT:testfdiv.obj
 0001:0001b674       __ms_p5_mp_test_fdiv       6401c674 f   LIBCMT:testfdiv.obj
 0001:0001b6a0       __cintrindisp2             6401c6a0 f   LIBCMT:87cdisp.obj
 0001:0001b6de       __cintrindisp1             6401c6de f   LIBCMT:87cdisp.obj
 0001:0001b71b       __ctrandisp2               6401c71b f   LIBCMT:87cdisp.obj
 0001:0001b8b1       __ctrandisp1               6401c8b1 f   LIBCMT:87cdisp.obj
 0001:0001b8e4       __fload                    6401c8e4 f   LIBCMT:87cdisp.obj
 0001:0001b920       __trandisp1                6401c920 f   LIBCMT:87disp.obj
 0001:0001b987       __trandisp2                6401c987 f   LIBCMT:87disp.obj
 0001:0001ba13       __rttospopde               6401ca13     LIBCMT:87disp.obj
 0001:0001ba18       __rttospop                 6401ca18     LIBCMT:87disp.obj
 0001:0001ba1a       __rtnospop                 6401ca1a     LIBCMT:87disp.obj
 0001:0001ba1c       __rttosnpop                6401ca1c     LIBCMT:87disp.obj
 0001:0001ba1d       __rtnospopde               6401ca1d     LIBCMT:87disp.obj
 0001:0001ba24       __rtzeropop                6401ca24     LIBCMT:87disp.obj
 0001:0001ba26       __rtzeronpop               6401ca26     LIBCMT:87disp.obj
 0001:0001ba2b       __rtonepop                 6401ca2b     LIBCMT:87disp.obj
 0001:0001ba2d       __rtonenpop                6401ca2d     LIBCMT:87disp.obj
 0001:0001ba32       __tosnan1                  6401ca32     LIBCMT:87disp.obj
 0001:0001ba5d       __nosnan2                  6401ca5d     LIBCMT:87disp.obj
 0001:0001ba5f       __tosnan2                  6401ca5f     LIBCMT:87disp.obj
 0001:0001ba87       __nan2                     6401ca87     LIBCMT:87disp.obj
 0001:0001bac6       __rtindfpop                6401cac6     LIBCMT:87disp.obj
 0001:0001bac8       __rtindfnpop               6401cac8     LIBCMT:87disp.obj
 0001:0001bad9       __rttosnpopde              6401cad9     LIBCMT:87disp.obj
 0001:0001bae3       __rtchsifneg               6401cae3     LIBCMT:87disp.obj
 0001:0001baf0       _fdiv_main_routine         6401caf0 f   LIBCMT:adj_fdiv.obj
 0001:0001bc07       __adj_fdiv_r               6401cc07 f   LIBCMT:adj_fdiv.obj
 0001:0001c0a6       __fdivp_sti_st             6401d0a6 f   LIBCMT:adj_fdiv.obj
 0001:0001c0b9       __fdivrp_sti_st            6401d0b9 f   LIBCMT:adj_fdiv.obj
 0001:0001c0cc       __adj_fdiv_m32             6401d0cc f   LIBCMT:adj_fdiv.obj
 0001:0001c118       __adj_fdiv_m64             6401d118 f   LIBCMT:adj_fdiv.obj
 0001:0001c164       __adj_fdiv_m16i            6401d164 f   LIBCMT:adj_fdiv.obj
 0001:0001c198       __adj_fdiv_m32i            6401d198 f   LIBCMT:adj_fdiv.obj
 0001:0001c1cc       __adj_fdivr_m32            6401d1cc f   LIBCMT:adj_fdiv.obj
 0001:0001c218       __adj_fdivr_m64            6401d218 f   LIBCMT:adj_fdiv.obj
 0001:0001c264       __adj_fdivr_m16i           6401d264 f   LIBCMT:adj_fdiv.obj
 0001:0001c298       __adj_fdivr_m32i           6401d298 f   LIBCMT:adj_fdiv.obj
 0001:0001c2cc       __safe_fdiv                6401d2cc f   LIBCMT:adj_fdiv.obj
 0001:0001c2e1       __safe_fdivr               6401d2e1 f   LIBCMT:adj_fdiv.obj
 0001:0001c2f6       __fprem_common             6401d2f6 f   LIBCMT:adj_fdiv.obj
 0001:0001c4fc       __adj_fprem                6401d4fc f   LIBCMT:adj_fdiv.obj
 0001:0001c5ae       __fprem1_common            6401d5ae f   LIBCMT:adj_fdiv.obj
 0001:0001c7b4       __adj_fprem1               6401d7b4 f   LIBCMT:adj_fdiv.obj
 0001:0001c869       __safe_fprem               6401d869 f   LIBCMT:adj_fdiv.obj
 0001:0001c86f       __safe_fprem1              6401d86f f   LIBCMT:adj_fdiv.obj
 0001:0001c875       __adj_fpatan               6401d875 f   LIBCMT:adj_fdiv.obj
 0001:0001c878       __adj_fptan                6401d878 f   LIBCMT:adj_fdiv.obj
 0001:0001c87b       ___tolower_mt              6401d87b f   LIBCMT:tolower.obj
 0001:0001c943       _tolower                   6401d943 f   LIBCMT:tolower.obj
 0001:0001c970       ___ascii_stricmp           6401d970 f   LIBCMT:_stricmp.obj
 0001:0001c9be       _free                      6401d9be f   LIBCMT:free.obj
 0001:0001ca9c       ___FrameUnwindToState      6401da9c f   LIBCMT:frame.obj
 0001:0001cb6a       ___DestructExceptionObject 6401db6a f   LIBCMT:frame.obj
 0001:0001d237       ___InternalCxxFrameHandler 6401e237 f   LIBCMT:frame.obj
 0001:0001d2d9       ?terminate@@YAXXZ          6401e2d9 f   LIBCMT:hooks.obj
 0001:0001d30e       ?_inconsistency@@YAXXZ     6401e30e f   LIBCMT:hooks.obj
 0001:0001d340       __CallSettingFrame@12      6401e340 f   LIBCMT:lowhelpr.obj
 0001:0001d367       __NLG_Return               6401e367     LIBCMT:lowhelpr.obj
 0001:0001d38c       _realloc                   6401e38c f   LIBCMT:realloc.obj
 0001:0001d539       ___crtExitProcess          6401e539 f   LIBCMT:crt0dat.obj
 0001:0001d569       __lockexit                 6401e569 f   LIBCMT:crt0dat.obj
 0001:0001d572       __unlockexit               6401e572 f   LIBCMT:crt0dat.obj
 0001:0001d593       __cinit                    6401e593 f   LIBCMT:crt0dat.obj
 0001:0001d6c0       __exit                     6401e6c0 f   LIBCMT:crt0dat.obj
 0001:0001d6d1       __cexit                    6401e6d1 f   LIBCMT:crt0dat.obj
 0001:0001d6e0       __msize                    6401e6e0 f   LIBCMT:msize.obj
 0001:0001d758       __SEH_prolog               6401e758 f   LIBCMT:sehprolg.obj
 0001:0001d793       __SEH_epilog               6401e793 f   LIBCMT:sehprolg.obj
 0001:0001d7ac       __except_handler3          6401e7ac f   LIBCMT:exsup3.obj
 0001:0001d892       __seh_longjmp_unwind@4     6401e892 f   LIBCMT:exsup3.obj
 0001:0001d8ad       ?__CxxUnhandledExceptionFilter@@YGJPAU_EXCEPTION_POINTERS@@@Z 6401e8ad f   LIBCMT:unhandld.obj
 0001:0001d8fb       ?__CxxSetUnhandledExceptionFilter@@YAHXZ 6401e8fb f   LIBCMT:unhandld.obj
 0001:0001d90e       ?__CxxRestoreUnhandledExceptionFilter@@YAXXZ 6401e90e f   LIBCMT:unhandld.obj
 0001:0001d920       _strcpy                    6401e920 f   LIBCMT:strcat.obj
 0001:0001d930       _strcat                    6401e930 f   LIBCMT:strcat.obj
 0001:0001da18       __mtinitlocks              6401ea18 f   LIBCMT:mlock.obj
[...]
   282 0001:0001fa75   288 0001:0001fa77   291 0001:0001fa7b   296 0001:0001fa7d
   246 0001:0001fa81   303 0001:0001fa8b   305 0001:0001fa97   306 0001:0001fa9d
   331 0001:0001faa1   337 0001:0001faa3   339 0001:0001faa8   346 0001:0001faae
   348 0001:0001fab6   349 0001:0001fabf   346 0001:0001fad0   355 0001:0001fad4
   356 0001:0001fadb   359 0001:0001faec

Line numbers for C:\Program Files\Microsoft Visual Studio .NET 2003\Vc7\lib\LIBCMT.lib(f:\vs70builds\3077\vc\crtbld\crt\src\commit.c) segment .text

    39 0001:00025156    44 0001:00025162    51 0001:00025191    52 0001:00025198
    53 0001:0002519c    56 0001:000251a5    57 0001:000251b7    59 0001:000251c0
    60 0001:000251c2    64 0001:000251c6    67 0001:000251cc    73 0001:000251d6
    74 0001:000251e1    83 0001:000251ee    79 0001:000251f3    80 0001:000251f6
    46 0001:000251fe    47 0001:00025209    84 0001:0002520c

Line numbers for C:\Program Files\Microsoft Visual Studio .NET 2003\Vc7\lib\LIBCMT.lib(f:\vs70builds\3077\vc\crtbld\crt\src\close.c) segment .text

    77 0001:00025212   115 0001:00025213   121 0001:00025256   118 0001:00025260
   123 0001:00025262   125 0001:00025268   127 0001:00025277   129 0001:00025284
   130 0001:0002528b   133 0001:00025290   134 0001:00025294    43 0001:00025295
    48 0001:000252a1    56 0001:000252cc    58 0001:000252d3    59 0001:000252d7
    60 0001:000252e0    61 0001:000252ea    62 0001:000252ec    63 0001:000252f7
    70 0001:00025304    66 0001:00025309    67 0001:0002530c    51 0001:00025314
    52 0001:0002531f    53 0001:00025327    71 0001:0002532a

Line numbers for C:\Program Files\Microsoft Visual Studio .NET 2003\Vc7\lib\LIBCMT.lib(F:\VS70Builds\3077\vc\crtbld\crt\src\intel\ulldvrm.asm) segment .text

    47 0001:00023570    45 0001:00023570    79 0001:00023571    80 0001:00023575
    81 0001:00023577    82 0001:00023579    83 0001:0002357d    84 0001:00023581
    85 0001:00023583    86 0001:00023585    87 0001:00023587    88 0001:0002358b
    89 0001:0002358d    94 0001:0002358f    95 0001:00023591    96 0001:00023595
    97 0001:00023597    98 0001:00023599    99 0001:0002359d   100 0001:0002359f
   107 0001:000235a1   108 0001:000235a3   109 0001:000235a7   110 0001:000235ab
   112 0001:000235af   113 0001:000235b1   114 0001:000235b3   115 0001:000235b5
   116 0001:000235b7   117 0001:000235b9   118 0001:000235bb   119 0001:000235bd
   128 0001:000235bf   129 0001:000235c3   130 0001:000235c5   131 0001:000235c9
   132 0001:000235cb   133 0001:000235cd   141 0001:000235cf   142 0001:000235d3
   143 0001:000235d5   144 0001:000235d7   145 0001:000235db   147 0001:000235dd
   148 0001:000235de   149 0001:000235e2   151 0001:000235e6   160 0001:000235e8
   161 0001:000235ec   162 0001:000235f0   163 0001:000235f2   164 0001:000235f4
   169 0001:000235f7   170 0001:000235f9   171 0001:000235fb   172 0001:000235fd
   173 0001:000235ff   179 0001:00023601   181 0001:00023602

Line numbers for C:\Program Files\Microsoft Visual Studio .NET 2003\Vc7\lib\LIBCMT.lib(F:\VS70Builds\3077\vc\crtbld\crt\src\intel\llmul.asm) segment .text

    62 0001:0001b1b0    47 0001:0001b1b0    63 0001:0001b1b4    64 0001:0001b1b8
    65 0001:0001b1ba    66 0001:0001b1be    68 0001:0001b1c0    69 0001:0001b1c4
    71 0001:0001b1c6    74 0001:0001b1c9    81 0001:0001b1ca    82 0001:0001b1cc
    84 0001:0001b1ce    85 0001:0001b1d2    86 0001:0001b1d6    88 0001:0001b1d8
    89 0001:0001b1dc    90 0001:0001b1de    92 0001:0001b1e0    94 0001:0001b1e1

Line numbers for C:\Program Files\Microsoft Visual Studio .NET 2003\Vc7\lib\LIBCMT.lib(f:\vs70builds\3077\vc\crtbld\crt\src\delete2.cpp) segment .text

    21 0001:00019432    18 0001:00019432

Line numbers for C:\Program Files\Microsoft Visual Studio .NET 2003\Vc7\lib\LIBCMT.lib(f:\vs70builds\3077\vc\crtbld\crt\src\delete.cpp) segment .text

    23 0001:000195e1    20 0001:000195e1

Line numbers for C:\Program Files\Microsoft Visual Studio .NET 2003\Vc7\lib\LIBCMT.lib(f:\vs70builds\3077\vc\crtbld\crt\src\handler.cpp) segment .text

    96 0001:0001a843    94 0001:0001a843    98 0001:0001a848   101 0001:0001a857
   102 0001:0001a85a    99 0001:0001a85b   102 0001:0001a85d

Line numbers for C:\Program Files\Microsoft Visual Studio .NET 2003\Vc7\lib\LIBCMT.lib(f:\vs70builds\3077\vc\crtbld\crt\src\sbheap.c) segment .text

   189 0001:00020385   188 0001:00020385   199 0001:000203a1   192 0001:000203a2
   194 0001:000203a6   195 0001:000203ad   198 0001:000203b9   199 0001:000203cc
   221 0001:000203cd   220 0001:000203cd   230 0001:000203df   231 0001:000203e6
   233 0001:000203ee   228 0001:000203f1   235 0001:000203f5   236 0001:000203f7
   295 0001:000203f8   313 0001:000203fe   316 0001:00020405   321 0001:0002040e
   322 0001:00020426   326 0001:00020429   330 0001:00020436   331 0001:00020439
   334 0001:0002043e   338 0001:00020444   343 0001:0002044f   344 0001:00020453
   345 0001:00020458   348 0001:0002045b   353 0001:00020463   355 0001:00020466
   356 0001:00020471   357 0001:0002047f   359 0001:00020484   362 0001:00020486
   363 0001:0002048b   364 0001:0002049c   369 0001:000204a5   373 0001:000204ae
   377 0001:000204c3   378 0001:000204c9   379 0001:000204ce   382 0001:000204d1
   388 0001:000204e0   391 0001:000204e3   392 0001:000204e9   393 0001:000204f4
   397 0001:000204f6   398 0001:000204f9   399 0001:000204ff   400 0001:00020506
   403 0001:00020508   407 0001:0002050c   412 0001:00020517   415 0001:0002051a
   416 0001:0002052b   417 0001:00020531   419 0001:00020536   422 0001:00020538
   423 0001:00020546   425 0001:0002054c   430 0001:00020552   431 0001:0002055e
   434 0001:0002056a   438 0001:00020572   442 0001:00020580   443 0001:00020586
   444 0001:00020589   445 0001:0002058f   446 0001:00020592   449 0001:00020598
   455 0001:000205a0   456 0001:000205b8   457 0001:000205c6   459 0001:000205d5
   461 0001:000205d7   462 0001:000205dd   464 0001:000205ed   470 0001:00020600
   472 0001:00020605   475 0001:00020609   478 0001:00020614   482 0001:00020621
   483 0001:00020627   487 0001:00020641   491 0001:00020656   492 0001:0002066c
   493 0001:00020685   497 0001:0002068e   500 0001:00020694   503 0001:0002069c
   509 0001:000206b2   513 0001:000206db   514 0001:000206ef   517 0001:000206f3
   522 0001:000206fd   523 0001:00020705   525 0001:0002070e   811 0001:00020710
   805 0001:00020710   814 0001:00020722   815 0001:00020741   850 0001:00020744
   819 0001:00020745   823 0001:00020756   827 0001:0002075d   828 0001:0002077d
   832 0001:00020781   834 0001:0002079b   835 0001:000207ab   841 0001:000207ad
   844 0001:000207b6   847 0001:000207bc   849 0001:000207c2   850 0001:000207c6
   872 0001:000207c7   873 0001:000207cc   886 0001:000207cf   887 0001:000207d8
   890 0001:000207dc   891 0001:000207de   888 0001:000207df   895 0001:000207e3
   900 0001:000207f8   907 0001:00020804   908 0001:00020823   912 0001:0002082b
   915 0001:00020831   918 0001:00020843   919 0001:00020847   925 0001:0002084e
   927 0001:00020856   930 0001:00020866   915 0001:00020878   935 0001:0002087b
   937 0001:00020883   938 0001:00020889   941 0001:0002088c   942 0001:00020892
   944 0001:00020895   945 0001:0002089a   946 0001:000208a4   947 0001:000208ad
   950 0001:000208b8   952 0001:000208c6   953 0001:000208cb   975 0001:000208cd
   994 0001:000208d3   997 0001:000208df   998 0001:000208ea   999 0001:000208ed
  1003 0001:000208ff  1010 0001:00020906  1013 0001:0002091a  1019 0001:0002092d
  1020 0001:00020934  1021 0001:0002093c  1024 0001:00020942  1029 0001:0002094a
  1031 0001:0002094d  1032 0001:00020956  1033 0001:00020967  1035 0001:0002096c
  1038 0001:0002096e  1039 0001:00020973  1040 0001:00020987  1045 0001:0002098d
  1046 0001:00020996  1049 0001:0002099f  1055 0001:000209b1  1056 0001:000209bb
  1057 0001:000209c4  1061 0001:000209c7  1062 0001:000209d0  1063 0001:000209d6
  1064 0001:000209dc  1065 0001:000209df  1068 0001:000209e5  1074 0001:000209ed
  1075 0001:00020a05  1076 0001:00020a13  1078 0001:00020a19  1080 0001:00020a1b
  1081 0001:00020a21  1083 0001:00020a31  1088 0001:00020a44  1090 0001:00020a50
  1094 0001:00020a59  1096 0001:00020a5f  1100 0001:00020a63  1014 0001:00020a68
  1100 0001:00020a6f  1103 0001:00020a75  1109 0001:00020a78  1112 0001:00020a85
  1113 0001:00020a8c  1114 0001:00020a97  1117 0001:00020a9a  1122 0001:00020aa4
  1123 0001:00020aab  1124 0001:00020ab0  1127 0001:00020ab3  1132 0001:00020abb
  1135 0001:00020abe  1136 0001:00020ac9  1137 0001:00020ad7  1139 0001:00020adc
  1142 0001:00020ade  1143 0001:00020ae3  1145 0001:00020af4  1150 0001:00020afd
  1151 0001:00020b06  1154 0001:00020b0f  1155 0001:00020b18  1156 0001:00020b1c
  1157 0001:00020b21  1163 0001:00020b24  1164 0001:00020b2a  1165 0001:00020b2d
  1166 0001:00020b33  1167 0001:00020b36  1170 0001:00020b3c  1176 0001:00020b44
  1177 0001:00020b5c  1178 0001:00020b6a  1180 0001:00020b70  1182 0001:00020b72
  1183 0001:00020b78  1185 0001:00020b88  1190 0001:00020b9b  1192 0001:00020ba0
  1195 0001:00020ba4  1196 0001:00020baa   546 0001:00020bac   564 0001:00020bb2
   582 0001:00020bca   583 0001:00020bd3   585 0001:00020bde   586 0001:00020be3
   588 0001:00020be7   591 0001:00020be9   596 0001:00020bf6   597 0001:00020c00
   600 0001:00020c04   602 0001:00020c12   597 0001:00020c1b   606 0001:00020c1d
   608 0001:00020c22   612 0001:00020c26   614 0001:00020c34   609 0001:00020c37
   614 0001:00020c39   619 0001:00020c3e   651 0001:00020c46   653 0001:00020c4c
   654 0001:00020c4f   659 0001:00020c51   665 0001:00020c6d   666 0001:00020c92
   665 0001:00020ca0   668 0001:00020ca3   674 0001:00020cb5   677 0001:00020cbf
   682 0001:00020ccc   623 0001:00020cce   625 0001:00020cd4   621 0001:00020cda
   629 0001:00020cdf   631 0001:00020ce4   634 0001:00020ce8   636 0001:00020cee
   632 0001:00020cf1   636 0001:00020cf3   640 0001:00020cf8   641 0001:00020cfc
   642 0001:00020d08   647 0001:00020d0a   648 0001:00020d22   681 0001:00020d29
   682 0001:00020d2b   679 0001:00020d2c   684 0001:00020d30   689 0001:00020d37
   690 0001:00020d3c   691 0001:00020d42   692 0001:00020d4a   695 0001:00020d4d
   698 0001:00020d55   702 0001:00020d5d   705 0001:00020d60   706 0001:00020d6e
   707 0001:00020d83   709 0001:00020d8b   712 0001:00020d8d   713 0001:00020d9c
   714 0001:00020dab   723 0001:00020db9   727 0001:00020dd5   728 0001:00020ddb
   729 0001:00020dde   730 0001:00020de4   731 0001:00020de7   734 0001:00020ded
   740 0001:00020df5   741 0001:00020e0d   743 0001:00020e18   745 0001:00020e28
   747 0001:00020e2a   749 0001:00020e30   751 0001:00020e3d   745 0001:00020e53
   758 0001:00020e56   760 0001:00020e5a   762 0001:00020e5c   767 0001:00020e65
   769 0001:00020e6f   772 0001:00020e73   776 0001:00020e81   777 0001:00020e94
   780 0001:00020e9b   782 0001:00020ea0   783 0001:00020ea6

Line numbers for C:\Program Files\Microsoft Visual Studio .NET 2003\Vc7\lib\LIBCMT.lib(f:\vs70builds\3077\vc\crtbld\crt\src\realloc.c) segment .text

    64 0001:0001d38c    69 0001:0001d398    70 0001:0001d3a1    73 0001:0001d3af
    75 0001:0001d3b6    76 0001:0001d3bd    81 0001:0001d3c2    88 0001:0001d3cf
    89 0001:0001d3d2    92 0001:0001d3db    93 0001:0001d3e3    98 0001:0001d3e6
   102 0001:0001d3f8   104 0001:0001d400   105 0001:0001d40f   106 0001:0001d412
   109 0001:0001d422   110 0001:0001d429   112 0001:0001d439   113 0001:0001d442
   120 0001:0001d44c   122 0001:0001d451   123 0001:0001d455   125 0001:0001d45b
   126 0001:0001d464   129 0001:0001d479   130 0001:0001d480   131 0001:0001d490
   146 0001:0001d4a5   148 0001:0001d4aa   149 0001:0001d4ae   151 0001:0001d4b1
   152 0001:0001d4ba   156 0001:0001d4cc   167 0001:0001d4db   168 0001:0001d4ea
   138 0001:0001d4ec   140 0001:0001d4f4   267 0001:0001d4fd   268 0001:0001d4ff
   270 0001:0001d504   271 0001:0001d508   272 0001:0001d50b   275 0001:0001d51a
   286 0001:0001d526   290 0001:0001d52f   287 0001:0001d531   292 0001:0001d533

Line numbers for C:\Program Files\Microsoft Visual Studio .NET 2003\Vc7\lib\LIBCMT.lib(f:\vs70builds\3077\vc\crtbld\crt\src\msize.c) segment .text

    39 0001:0001d6e0    44 0001:0001d6ec    49 0001:0001d6f5    50 0001:0001d6fd
    52 0001:0001d701    54 0001:0001d712    61 0001:0001d729    89 0001:0001d72f
    92 0001:0001d742    94 0001:0001d744    57 0001:0001d74a    58 0001:0001d74d

Line numbers for C:\Program Files\Microsoft Visual Studio .NET 2003\Vc7\lib\LIBCMT.lib(f:\vs70builds\3077\vc\crtbld\crt\src\malloc.c) segment .text

   142 0001:0001a78a   156 0001:0001a796   152 0001:0001a799   156 0001:0001a7a2
   159 0001:0001a7aa   160 0001:0001a7b2   162 0001:0001a7b6   169 0001:0001a7c9
   170 0001:0001a7ce   205 0001:0001a7d0   206 0001:0001a7d4   208 0001:0001a7d5
   209 0001:0001a7de   211 0001:0001a7e4   212 0001:0001a7f3   165 0001:0001a7f9
   166 0001:0001a7fc    94 0001:0001a805    90 0001:0001a805    95 0001:0001a80a
   106 0001:0001a80c   113 0001:0001a815   117 0001:0001a820   121 0001:0001a82c
   118 0001:0001a82e   122 0001:0001a830    54 0001:0001a831    53 0001:0001a831
    59 0001:0001a842

Line numbers for C:\Program Files\Microsoft Visual Studio .NET 2003\Vc7\lib\LIBCMT.lib(f:\vs70builds\3077\vc\crtbld\crt\src\heapinit.c) segment .text

   123 0001:0001ff6c    69 0001:0001ff6c   124 0001:0001ff7e   142 0001:0001ff81
   139 0001:0001ff82   142 0001:0001ff85   170 0001:0001ff86   173 0001:0001ff86
   174 0001:0001ffa4   178 0001:0001ffa6   180 0001:0001ffab   183 0001:0001ffb5
   185 0001:0001ffc4   186 0001:0001ffd0   202 0001:0001ffd2   201 0001:0001ffd3
   202 0001:0001ffd6   226 0001:0001ffd7   223 0001:0001ffd7   232 0001:0001ffe1
   235 0001:00020003   236 0001:00020011   239 0001:0002001c   241 0001:00020029
   244 0001:00020037   263 0001:00020049   264 0001:00020055

Line numbers for C:\Program Files\Microsoft Visual Studio .NET 2003\Vc7\lib\LIBCMT.lib(f:\vs70builds\3077\vc\crtbld\crt\src\free.c) segment .text

    42 0001:0001c9be    45 0001:0001c9ca    51 0001:0001c9d1    56 0001:0001c9da
    57 0001:0001c9e2    60 0001:0001c9e6    61 0001:0001c9f4    70 0001:0001ca06
    71 0001:0001ca0c    98 0001:0001ca0f    66 0001:0001ca11   101 0001:0001ca1a
   103 0001:0001ca29

Line numbers for C:\Program Files\Microsoft Visual Studio .NET 2003\Vc7\lib\LIBCMT.lib(f:\vs70builds\3077\vc\crtbld\crt\src\calloc.c) segment .text

    46 0001:0001f7e8    50 0001:0001f7f4    54 0001:0001f7fe    55 0001:0001f802
    59 0001:0001f803    61 0001:0001f808    64 0001:0001f80d    68 0001:0001f816
    70 0001:0001f81f    75 0001:0001f82a    76 0001:0001f832    78 0001:0001f835
    86 0001:0001f848    87 0001:0001f84f   119 0001:0001f85d   120 0001:0001f861
   123 0001:0001f872   130 0001:0001f87e   131 0001:0001f88d    81 0001:0001f88f
    82 0001:0001f892   126 0001:0001f89b   136 0001:0001f89d

Line numbers for C:\Program Files\Microsoft Visual Studio .NET 2003\Vc7\lib\LIBCMT.lib(f:\vs70builds\3077\vc\crtbld\crt\src\resetstk.c) segment .text

    30 0001:0002390a    40 0001:00023913    44 0001:0002391d    45 0001:0002392c
    46 0001:0002392e    51 0001:00023931    52 0001:0002393b    63 0001:0002393e
    65 0001:0002395e    66 0001:00023963    73 0001:00023965    77 0001:0002396a
    79 0001:00023972    81 0001:00023985    82 0001:0002398b    88 0001:00023990
    89 0001:0002399c    94 0001:000239a1    95 0001:000239a5   100 0001:000239a9
   101 0001:000239ad   103 0001:000239b0   105 0001:000239bf   106 0001:000239c6
   113 0001:000239c9   115 0001:000239d3   116 0001:000239e5

Line numbers for C:\Program Files\Microsoft Visual Studio .NET 2003\Vc7\lib\LIBCMT.lib(f:\vs70builds\3077\vc\crtbld\crt\src\dosmap.c) segment .text

   161 0001:00022a76   160 0001:00022a76   162 0001:00022a7e   168 0001:00022a7f
   167 0001:00022a7f   169 0001:00022a87   110 0001:00022a88   113 0001:00022a89
   116 0001:00022a95   117 0001:00022a97   127 0001:00022aa6   128 0001:00022ab0
   133 0001:00022abd   118 0001:00022abe   133 0001:00022ace   129 0001:00022acf
   130 0001:00022adf   133 0001:00022aec   132 0001:00022aed   133 0001:00022afa

Line numbers for C:\Program Files\Microsoft Visual Studio .NET 2003\Vc7\lib\LIBCMT.lib(f:\vs70builds\3077\vc\crtbld\crt\src\wctomb.c) segment .text

    63 0001:000234de    65 0001:000234e1    67 0001:000234eb    71 0001:000234ef
    76 0001:000234f7    79 0001:000234ff    82 0001:00023501    83 0001:00023503
   106 0001:00023508   112 0001:0002352b   108 0001:0002352d   109 0001:00023538
   115 0001:0002353c    48 0001:0002353e    50 0001:0002353e    52 0001:00023546
    53 0001:0002354e    55 0001:00023553    56 0001:00023564

Line numbers for C:\Program Files\Microsoft Visual Studio .NET 2003\Vc7\lib\LIBCMT.lib(f:\vs70builds\3077\vc\crtbld\crt\src\tolower.c) segment .text

   101 0001:0001c87b   115 0001:0001c880   120 0001:0001c8a1   123 0001:0001c8ac
   128 0001:0001c8c9   134 0001:0001c8cb   142 0001:0001c8dd   143 0001:0001c8ea
   144 0001:0001c8ec   145 0001:0001c8ef   146 0001:0001c8f3   165 0001:0001c8f5
   167 0001:0001c916   171 0001:0001c918   172 0001:0001c91c   174 0001:0001c922
   116 0001:0001c92f   176 0001:0001c941    72 0001:0001c943    75 0001:0001c943
    77 0001:0001c94b    78 0001:0001c953    80 0001:0001c958    81 0001:0001c964

Line numbers for C:\Program Files\Microsoft Visual Studio .NET 2003\Vc7\lib\LIBCMT.lib(f:\vs70builds\3077\vc\crtbld\crt\src\isctype.c) segment .text

   121 0001:0001ac4f   128 0001:0001ac53   130 0001:0001ac5f   136 0001:0001ac6e
   144 0001:0001ac83   145 0001:0001ac90   146 0001:0001ac92   148 0001:0001ac95
   162 0001:0001ac9c   168 0001:0001acbb   167 0001:0001acbd   168 0001:0001acc4

Line numbers for C:\Program Files\Microsoft Visual Studio .NET 2003\Vc7\lib\LIBCMT.lib(f:\vs70builds\3077\vc\crtbld\crt\src\atox.c) segment .text

    48 0001:00019258    53 0001:0001925a    55 0001:00019262    56 0001:0001926a
    59 0001:00019275    63 0001:0001929a    65 0001:0001929d    67 0001:000192a1
    68 0001:000192ad    70 0001:000192b1    72 0001:000192b3    73 0001:000192ca
    74 0001:000192d0    75 0001:000192d4    77 0001:000192d6    78 0001:000192dd
    81 0001:000192df   107 0001:000192e0   106 0001:000192e0

Line numbers for C:\Program Files\Microsoft Visual Studio .NET 2003\Vc7\lib\LIBCMT.lib(f:\vs70builds\3077\vc\crtbld\crt\src\_fptostr.c) segment .text

    46 0001:00021f88    48 0001:00021f8b    62 0001:00021f92    63 0001:00021fab
    62 0001:00021fc2    73 0001:00021fc5    74 0001:00021fd1    76 0001:00021fd3
    77 0001:00021fdc    80 0001:00021fde    85 0001:00021fe3    87 0001:00021fe6
    91 0001:00021fe8    93 0001:00021ffd

Line numbers for C:\Program Files\Microsoft Visual Studio .NET 2003\Vc7\lib\LIBCMT.lib(f:\vs70builds\3077\vc\crtbld\crt\src\_ctype.c) segment .text

    96 0001:00021bb0    94 0001:00021bb0    98 0001:00021bb8    99 0001:00021bc0
   101 0001:00021bc5   105 0001:00021bda   101 0001:00021bdb   105 0001:00021be9

 Exports

  ordinal    name

        1    _SetMasterDatabase
               exported name: SetMasterDatabase
        2    _fxCreatePropList
               exported name: fxCreatePropList
        3    _fxDelete
               exported name: fxDelete
        4    _fxFreePropList
               exported name: fxFreePropList
        5    _fxGetNum
               exported name: fxGetNum
        6    _fxGetRef
               exported name: fxGetRef
        7    _fxSetAppFocus
               exported name: fxSetAppFocus
        8    _fxSetCreateFunction
               exported name: fxSetCreateFunction
        9    _fxSetPlayer
               exported name: fxSetPlayer
